[------------- Sending Request to Server ------------

<configEstimateImpact
cookie="1663606427/5738ec5f-4c13-4ec5-8ade-0e4d2f521df7">
    <inConfigs>
<pair key="sys/svc-ext/https-svc">
    <commHttps
    allowedSSLProtocols="tlsv1_2"
    dn="sys/svc-ext/https-svc"
    
    status="created,modified"
    
    sacl="addchild,del,mod">
    </commHttps>
</pair>
    </inConfigs>
</configEstimateImpact>

<configConfMos
cookie="1663606427/5738ec5f-4c13-4ec5-8ade-0e4d2f521df7"
inHierarchical="false">
    <inConfigs>
<pair key="sys/svc-ext/https-svc">
    <commHttps
    allowedSSLProtocols="tlsv1_2"
    dn="sys/svc-ext/https-svc"
    
    status="created,modified"
    
    sacl="addchild,del,mod">
    </commHttps>
</pair>
    </inConfigs>
</configConfMos>
-----------------------------------------------------]