[------------- Sending Request to Server ------------

<configResolveDn
dn="sys"
cookie="1662658935/7d2d2a65-fa4b-4768-8822-5fb3f0f3b48c"
inHierarchical="false">
</configResolveDn>

<configEstimateImpact
cookie="1662658935/7d2d2a65-fa4b-4768-8822-5fb3f0f3b48c">
    <inConfigs>
<pair key="org-root/power-policy-NOCAP">
    <powerPolicy
    name="NOCAP"
    prio="no-cap"
    dn="org-root/power-policy-NOCAP"
    
    status="created"
    
    sacl="addchild,del,mod">
    </powerPolicy>
</pair>
    </inConfigs>
</configEstimateImpact>

<configConfMos
cookie="1662658935/7d2d2a65-fa4b-4768-8822-5fb3f0f3b48c"
inHierarchical="false">
    <inConfigs>
<pair key="org-root/power-policy-NOCAP">
    <powerPolicy
    name="NOCAP"
    prio="no-cap"
    dn="org-root/power-policy-NOCAP"
    
    status="created"
    
    sacl="addchild,del,mod">
    </powerPolicy>
</pair>
    </inConfigs>
</configConfMos>
-----------------------------------------------------]