[------------- Sending Request to Server ------------

<configResolveDn
dn="sys"
cookie="1655919655/5407f0c5-3a98-4075-8bf9-dd77d466925f"
inHierarchical="false">
</configResolveDn>

<configEstimateImpact
cookie="1655919655/5407f0c5-3a98-4075-8bf9-dd77d466925f">
    <inConfigs>
<pair key="org-root/mac-pool-LAB-MAC">
    <macpoolPool
    assignmentOrder="sequential"
    name="LAB-MAC"
    dn="org-root/mac-pool-LAB-MAC"
    
    status="created"
    
    sacl="addchild,del,mod">
        <macpoolBlock
        from="00:25:B5:10:00:00"
        to="00:25:B5:10:00:FF"
        
        rn="block-00:25:B5:10:00:00-00:25:B5:10:00:FF"
        status="created"
        
        sacl="addchild,del,mod">
        </macpoolBlock>
    </macpoolPool>
</pair>
    </inConfigs>
</configEstimateImpact>

<configConfMos
cookie="1655919655/5407f0c5-3a98-4075-8bf9-dd77d466925f"
inHierarchical="false">
    <inConfigs>
<pair key="org-root/mac-pool-LAB-MAC">
    <macpoolPool
    assignmentOrder="sequential"
    name="LAB-MAC"
    dn="org-root/mac-pool-LAB-MAC"
    
    status="created"
    
    sacl="addchild,del,mod">
        <macpoolBlock
        from="00:25:B5:10:00:00"
        to="00:25:B5:10:00:FF"
        
        rn="block-00:25:B5:10:00:00-00:25:B5:10:00:FF"
        status="created"
        
        sacl="addchild,del,mod">
        </macpoolBlock>
    </macpoolPool>
</pair>
    </inConfigs>
</configConfMos>

<configResolveDn
dn="sys"
cookie="1655919655/5407f0c5-3a98-4075-8bf9-dd77d466925f"
inHierarchical="false">
</configResolveDn>
-----------------------------------------------------]