[------------- Sending Request to Server ------------

<configResolveClass
cookie="1664481106/db065258-49e5-4c4e-8865-8388797934cd"
classId="aaaRole"
inHierarchical="false">
    <inFilter>
    </inFilter>
</configResolveClass>

<configResolveClass
cookie="1664481106/db065258-49e5-4c4e-8865-8388797934cd"
classId="aaaLocale"
inHierarchical="false">
    <inFilter>
    </inFilter>
</configResolveClass>

<configEstimateImpact
cookie="1664481106/db065258-49e5-4c4e-8865-8388797934cd">
    <inConfigs>
<pair key="sys/ldap-ext/ldapgroup-CN=SRV-UCS-READ-ONLY,OU=Server Administration,OU=Groups,OU=IT,OU=PEI,DC=powereng,DC=com">
    <aaaLdapGroup
    name="CN=SRV-UCS-READ-ONLY,OU=Server Administration,OU=Groups,OU=IT,OU=PEI,DC=powereng,DC=com"
    dn="sys/ldap-ext/ldapgroup-CN=SRV-UCS-READ-ONLY,OU=Server Administration,OU=Groups,OU=IT,OU=PEI,DC=powereng,DC=com"
    
    status="created"
    
    sacl="addchild,del,mod">
        <aaaUserRole
        descr=""
        name="read-only"
        
        rn="role-read-only"
        status="created"
        
        sacl="addchild,del,mod">
        </aaaUserRole>
    </aaaLdapGroup>
</pair>
    </inConfigs>
</configEstimateImpact>

<configConfMos
cookie="1664481106/db065258-49e5-4c4e-8865-8388797934cd"
inHierarchical="false">
    <inConfigs>
<pair key="sys/ldap-ext/ldapgroup-CN=SRV-UCS-READ-ONLY,OU=Server Administration,OU=Groups,OU=IT,OU=PEI,DC=powereng,DC=com">
    <aaaLdapGroup
    name="CN=SRV-UCS-READ-ONLY,OU=Server Administration,OU=Groups,OU=IT,OU=PEI,DC=powereng,DC=com"
    dn="sys/ldap-ext/ldapgroup-CN=SRV-UCS-READ-ONLY,OU=Server Administration,OU=Groups,OU=IT,OU=PEI,DC=powereng,DC=com"
    
    status="created"
    
    sacl="addchild,del,mod">
        <aaaUserRole
        descr=""
        name="read-only"
        
        rn="role-read-only"
        status="created"
        
        sacl="addchild,del,mod">
        </aaaUserRole>
    </aaaLdapGroup>
</pair>
    </inConfigs>
</configConfMos>

<configResolveChildren
cookie="1664481106/db065258-49e5-4c4e-8865-8388797934cd"
classId="aaaUserLocale"
inDn="sys/ldap-ext/ldapgroup-CN=SRV-UCS-READ-ONLY,OU=Server Administration,OU=Groups,OU=IT,OU=PEI,DC=powereng,DC=com"
inHierarchical="false">
    <inFilter>
    </inFilter>
</configResolveChildren>
-----------------------------------------------------]