[------------- Sending Request to Server ------------

<configEstimateImpact
cookie="1651604670/6608a181-51ba-4147-a796-4dc4c3086128">
    <inConfigs>
<pair key="org-root/nwctrl-klb">
    <nwctrlDefinition
    cdp="enabled"
    macRegisterMode="all-host-vlans"
    name="klb"
    dn="org-root/nwctrl-klb"
    
    status="created"
    
    sacl="addchild,del,mod">
        <dpsecMac
        descr=""
        forge="allow"
        name=""
        policyOwner="local"
        
        rn="mac-sec"
        
        
        sacl="addchild,del,mod">
        </dpsecMac>
    </nwctrlDefinition>
</pair>
    </inConfigs>
</configEstimateImpact>

<configConfMos
cookie="1651604670/6608a181-51ba-4147-a796-4dc4c3086128"
inHierarchical="false">
    <inConfigs>
<pair key="org-root/nwctrl-klb">
    <nwctrlDefinition
    cdp="enabled"
    macRegisterMode="all-host-vlans"
    name="klb"
    dn="org-root/nwctrl-klb"
    
    status="created"
    
    sacl="addchild,del,mod">
        <dpsecMac
        descr=""
        forge="allow"
        name=""
        policyOwner="local"
        
        rn="mac-sec"
        
        
        sacl="addchild,del,mod">
        </dpsecMac>
    </nwctrlDefinition>
</pair>
    </inConfigs>
</configConfMos>
-----------------------------------------------------]