[------------- Sending Request to Server ------------

<configEstimateImpact
cookie="1652479480/f9ea67f4-7763-4c6f-8e94-e03cd3f11644">
    <inConfigs>
<pair key="org-root/maint-default">
    <lsmaintMaintPolicy
    name="default"
    triggerConfig="on-next-boot"
    uptimeDisr="user-ack"
    dn="org-root/maint-default"
    
    status="created,modified"
    
    sacl="addchild,del,mod">
    </lsmaintMaintPolicy>
</pair>
    </inConfigs>
</configEstimateImpact>

<configConfMos
cookie="1652479480/f9ea67f4-7763-4c6f-8e94-e03cd3f11644"
inHierarchical="false">
    <inConfigs>
<pair key="org-root/maint-default">
    <lsmaintMaintPolicy
    name="default"
    triggerConfig="on-next-boot"
    uptimeDisr="user-ack"
    dn="org-root/maint-default"
    
    status="created,modified"
    
    sacl="addchild,del,mod">
    </lsmaintMaintPolicy>
</pair>
    </inConfigs>
</configConfMos>

<configEstimateImpact
cookie="1652479480/f9ea67f4-7763-4c6f-8e94-e03cd3f11644">
    <inConfigs>
<pair key="org-root/maint-USERACK">
    <lsmaintMaintPolicy
    name="USERACK"
    triggerConfig="on-next-boot"
    uptimeDisr="user-ack"
    dn="org-root/maint-USERACK"
    
    status="created"
    
    sacl="addchild,del,mod">
    </lsmaintMaintPolicy>
</pair>
    </inConfigs>
</configEstimateImpact>

<configConfMos
cookie="1652479480/f9ea67f4-7763-4c6f-8e94-e03cd3f11644"
inHierarchical="false">
    <inConfigs>
<pair key="org-root/maint-USERACK">
    <lsmaintMaintPolicy
    name="USERACK"
    triggerConfig="on-next-boot"
    uptimeDisr="user-ack"
    dn="org-root/maint-USERACK"
    
    status="created"
    
    sacl="addchild,del,mod">
    </lsmaintMaintPolicy>
</pair>
    </inConfigs>
</configConfMos>
-----------------------------------------------------]