[------------- Sending Request to Server ------------

<configEstimateImpact
cookie="1653069206/7b611735-2fe3-4d93-8643-27b41c3cad2f">
    <inConfigs>
<pair key="sys/pki-ext/keyring-ucsPE_cert">
    <pkiKeyRing
    modulus="mod4096"
    name="ucsPE_cert"
    dn="sys/pki-ext/keyring-ucsPE_cert"
    
    status="created"
    
    sacl="addchild,del,mod">
    </pkiKeyRing>
</pair>
    </inConfigs>
</configEstimateImpact>

<configConfMos
cookie="1653069206/7b611735-2fe3-4d93-8643-27b41c3cad2f"
inHierarchical="false">
    <inConfigs>
<pair key="sys/pki-ext/keyring-ucsPE_cert">
    <pkiKeyRing
    modulus="mod4096"
    name="ucsPE_cert"
    dn="sys/pki-ext/keyring-ucsPE_cert"
    
    status="created"
    
    sacl="addchild,del,mod">
    </pkiKeyRing>
</pair>
    </inConfigs>
</configConfMos>

<configResolveDn
dn="sys"
cookie="1653069206/7b611735-2fe3-4d93-8643-27b41c3cad2f"
inHierarchical="false">
</configResolveDn>

<configEstimateImpact
cookie="1653069206/7b611735-2fe3-4d93-8643-27b41c3cad2f">
    <inConfigs>
<pair key="sys/pki-ext/keyring-ucsPE_cert/certreq">
    <pkiCertReq
    country="US"
    dns="ucspe.powereng.com"
    locality="Meridian"
    orgName="POWER Engineers, Inc."
    orgUnitName="Operations IT"
    state="ID"
    subjName="ucspe.powereng.com"
    dn="sys/pki-ext/keyring-ucsPE_cert/certreq"
    
    status="created"
    
    sacl="addchild,del,mod">
    </pkiCertReq>
</pair>
    </inConfigs>
</configEstimateImpact>

<configConfMos
cookie="1653069206/7b611735-2fe3-4d93-8643-27b41c3cad2f"
inHierarchical="false">
    <inConfigs>
<pair key="sys/pki-ext/keyring-ucsPE_cert/certreq">
    <pkiCertReq
    country="US"
    dns="ucspe.powereng.com"
    locality="Meridian"
    orgName="POWER Engineers, Inc."
    orgUnitName="Operations IT"
    state="ID"
    subjName="ucspe.powereng.com"
    dn="sys/pki-ext/keyring-ucsPE_cert/certreq"
    
    status="created"
    
    sacl="addchild,del,mod">
    </pkiCertReq>
</pair>
    </inConfigs>
</configConfMos>
-----------------------------------------------------]