[------------- Sending Request to Server ------------

<configResolveDn
dn="sys"
cookie="1664481706/304bb080-f548-444b-9cff-9183c95c5f58"
inHierarchical="false">
</configResolveDn>

<configEstimateImpact
cookie="1664481706/304bb080-f548-444b-9cff-9183c95c5f58">
    <inConfigs>
<pair key="sys/auth-realm/domain-powereng.com">
    <aaaDomain
    name="powereng.com"
    dn="sys/auth-realm/domain-powereng.com"
    
    status="created"
    
    sacl="addchild,del,mod">
        <aaaDomainAuth
        descr=""
        name=""
        providerGroup="POWERENG DCs"
        realm="ldap"
        use2Factor="no"
        
        rn="domain-auth"
        
        
        sacl="addchild,del,mod">
        </aaaDomainAuth>
    </aaaDomain>
</pair>
    </inConfigs>
</configEstimateImpact>

<configConfMos
cookie="1664481706/304bb080-f548-444b-9cff-9183c95c5f58"
inHierarchical="false">
    <inConfigs>
<pair key="sys/auth-realm/domain-powereng.com">
    <aaaDomain
    name="powereng.com"
    dn="sys/auth-realm/domain-powereng.com"
    
    status="created"
    
    sacl="addchild,del,mod">
        <aaaDomainAuth
        descr=""
        name=""
        providerGroup="POWERENG DCs"
        realm="ldap"
        use2Factor="no"
        
        rn="domain-auth"
        
        
        sacl="addchild,del,mod">
        </aaaDomainAuth>
    </aaaDomain>
</pair>
    </inConfigs>
</configConfMos>
-----------------------------------------------------]