[------------- Sending Request to Server ------------

<aaaCheckComputeExtAccess
cookie="1653329643/8b385b35-3e4c-4e06-a582-3b5ee6de555c"
inDn="sys/chassis-1/blade-4"
inUser="ucs-powereng.com\kbriney-adm">
</aaaCheckComputeExtAccess>

<aaaCheckComputeExtAccess
cookie="1653329643/8b385b35-3e4c-4e06-a582-3b5ee6de555c"
inDn="sys/chassis-1/blade-4"
inUser="ucs-powereng.com\kbriney-adm">
</aaaCheckComputeExtAccess>

<aaaCheckComputeExtAccess
cookie="1653329643/8b385b35-3e4c-4e06-a582-3b5ee6de555c"
inDn="sys/chassis-1/blade-4"
inUser="ucs-powereng.com\kbriney-adm">
</aaaCheckComputeExtAccess>

<aaaCheckComputeExtAccess
cookie="1653329643/8b385b35-3e4c-4e06-a582-3b5ee6de555c"
inDn="sys/chassis-1/blade-4"
inUser="ucs-powereng.com\kbriney-adm">
</aaaCheckComputeExtAccess>

<aaaCheckComputeExtAccess
cookie="1653329643/8b385b35-3e4c-4e06-a582-3b5ee6de555c"
inDn="sys/chassis-1/blade-5"
inUser="ucs-powereng.com\kbriney-adm">
</aaaCheckComputeExtAccess>

<aaaCheckComputeExtAccess
cookie="1653329643/8b385b35-3e4c-4e06-a582-3b5ee6de555c"
inDn="sys/chassis-1/blade-5"
inUser="ucs-powereng.com\kbriney-adm">
</aaaCheckComputeExtAccess>

<aaaCheckComputeExtAccess
cookie="1653329643/8b385b35-3e4c-4e06-a582-3b5ee6de555c"
inDn="sys/chassis-1/blade-5"
inUser="ucs-powereng.com\kbriney-adm">
</aaaCheckComputeExtAccess>

<aaaCheckComputeExtAccess
cookie="1653329643/8b385b35-3e4c-4e06-a582-3b5ee6de555c"
inDn="sys/chassis-1/blade-5"
inUser="ucs-powereng.com\kbriney-adm">
</aaaCheckComputeExtAccess>

<configEstimateImpact
cookie="1653329643/8b385b35-3e4c-4e06-a582-3b5ee6de555c">
    <inConfigs>
<pair key="sys/pki-ext/tp-new_TP">
    <pkiTP
    certChain="-----BEGIN CERTIFICATE-----
MIIF3zCCBMegAwIBAgITFQAAAALU9Lz04Hi9mwAAAAAAAjANBgkqhkiG9w0BAQ0F
ADBGMRMwEQYKCZImiZPyLGQBGRYDY29tMRgwFgYKCZImiZPyLGQBGRYIcG93ZXJl
bmcxFTATBgNVBAMTDFBFSSBSb290IENBMjAeFw0xNTA4MTIyMDQ2MDVaFw0zNTA4
MTIyMDA4MDVaME0xEzARBgoJkiaJk/IsZAEZFgNjb20xGDAWBgoJkiaJk/IsZAEZ
Fghwb3dlcmVuZzEcMBoGA1UEAxMTUEVJIFN1Ym9yZGluYXRlIENBMjCCASIwDQYJ
KoZIhvcNAQEBBQADggEPADCCAQoCggEBAKVLzra7Ww5Nmy+NM14MdRZWwEhw09fh
AIC6jDl90IGt1D0zvB9xrM1XTrSfEWgCNnveOnNSvXBSHjfWYd7KAs8NEDLyIjWl
uCB66bdi/xY2fascuYJvy2ZmA6Voh005/nRS7lPGq6yfZEjc6LXfiaHSWo+kbrFw
/ICoq79kEIympaHeO7TYFOcHoP7T/nfWvD0OrJZLrou9m53qQzZXduBVpYwfI91C
sGR1DpXKwcgC4yPqLdaP9GmWjYYddT6jQTGD/aCIfYo/29z2vXVafaHx90i8OIF7
frlhOL39P3GhxIlDk7espdSKxHWF6772N0XXc7NVaq+Jdw7vtpG02yMCAwEAAaOC
Ar0wggK5MBAGCSsGAQQBgjcVAQQDAgEAMB0GA1UdDgQWBBQFk+663K25Xljs+Tik
5+qrsUUojTAZBgkrBgEEAYI3FAIEDB4KAFMAdQBiAEMAQTALBgNVHQ8EBAMCAYYw
DwYDVR0TAQH/BAUwAwEB/zAfBgNVHSMEGDAWgBSwdElPGrGwpa46Uu+0SWDcXSTY
9TCCAQ8GA1UdHwSCAQYwggECMIH/oIH8oIH5hoG6bGRhcDovLy9DTj1QRUklMjBS
b290JTIwQ0EyLENOPUJPSS1SQ0EwMixDTj1DRFAsQ049UHVibGljJTIwS2V5JTIw
U2VydmljZXMsQ049U2VydmljZXMsQ049Q29uZmlndXJhdGlvbixEQz1wb3dlcmVu
ZyxEQz1jb20/Y2VydGlmaWNhdGVSZXZvY2F0aW9uTGlzdD9iYXNlP29iamVjdENs
YXNzPWNSTERpc3RyaWJ1dGlvblBvaW50hjpodHRwOi8vY2VydHMyLnBvd2VyZW5n
LmNvbS9DZXJ0RW5yb2xsL1BFSSUyMFJvb3QlMjBDQTIuY3JsMIIBFwYIKwYBBQUH
AQEEggEJMIIBBTCBsAYIKwYBBQUHMAKGgaNsZGFwOi8vL0NOPVBFSSUyMFJvb3Ql
MjBDQTIsQ049QUlBLENOPVB1YmxpYyUyMEtleSUyMFNlcnZpY2VzLENOPVNlcnZp
Y2VzLENOPUNvbmZpZ3VyYXRpb24sREM9cG93ZXJlbmcsREM9Y29tP2NBQ2VydGlm
aWNhdGU/YmFzZT9vYmplY3RDbGFzcz1jZXJ0aWZpY2F0aW9uQXV0aG9yaXR5MFAG
CCsGAQUFBzAChkRodHRwOi8vY2VydHMyLnBvd2VyZW5nLmNvbS9DZXJ0RW5yb2xs
L0JPSS1SQ0EwMl9QRUklMjBSb290JTIwQ0EyLmNydDANBgkqhkiG9w0BAQ0FAAOC
AQEAcpv1ZhjtPnt9puHEI7ex1y8Y5l9KFw9/H0d05h104MDMGuD07HDGlQfgvSrm
ghZP86z2WsssNFbUisjr+aQlCtK8kTdfO/lf3agg/GJBPnzqxiJxIlb9Y1v0JT4g
Jf9sZMsXNiiYwatYGecK8DR2UbWDFUMjcIF7MaECWNedh/aWMb4cah2isNP7FbCf
tZmP4LJ5VynBGTHb3P6DxYG2YzRxpSFeIlDP1aAABoFuKDGIK72izBG2QyeB1W2e
7/sjFRiSLbyw2GuSuzHm0o4w3PkHQ0H1yiv50jiX02Sl30J/uP4bNAQFkC2U3Ov3
RefYTwqj4uLKMmkNEqmpxLoySA==
-----END CERTIFICATE-----
-----BEGIN CERTIFICATE-----
MIIDZzCCAk+gAwIBAgIQcRKfGndHD6hGjBASc4K9SjANBgkqhkiG9w0BAQ0FADBG
MRMwEQYKCZImiZPyLGQBGRYDY29tMRgwFgYKCZImiZPyLGQBGRYIcG93ZXJlbmcx
FTATBgNVBAMTDFBFSSBSb290IENBMjAeFw0xNTA4MTIxOTU4MDZaFw0zNTA4MTIy
MDA4MDVaMEYxEzARBgoJkiaJk/IsZAEZFgNjb20xGDAWBgoJkiaJk/IsZAEZFghw
b3dlcmVuZzEVMBMGA1UEAxMMUEVJIFJvb3QgQ0EyMIIBIjANBgkqhkiG9w0BAQEF
AAOCAQ8AMIIBCgKCAQEAxanhsiCb9fNkG57vsINheoNLXlpEFlRpGh40h63D/mpo
Zt+dbOJ0S27FFJwNOLYivClAgTKwePXhtKErps5PRaPB2ndBA84SwzxABTL9hXv/
uCqv454ewAy/4Qf0I5FoKqyc4ZMDXlWofRskA3pGp1VNnWzza4iEpIT5kYA/sT0D
8TH5F/fvGQkvTRaHMevq8fO0fwkbCw19CQmKiv+wLvn2JxfVx6f1uxqzTlILXCnG
z2VEyH7ntNXYU5sywMyrhpwzPtMyKlXIaKNJEYMHdOCBk4+5xPmon6K3jmW1U8wX
GVlPX3u/pljmK0rXG3N27SG78Pt04cdNnD3ypZhKuQIDAQABo1EwTzALBgNVHQ8E
BAMCAYYwDwYDVR0TAQH/BAUwAwEB/zAdBgNVHQ4EFgQUsHRJTxqxsKWuOlLvtElg
3F0k2PUwEAYJKwYBBAGCNxUBBAMCAQAwDQYJKoZIhvcNAQENBQADggEBAGhToyIK
VgDPdVjZ/lx3CAASoZsY6YFq817Z6PqX1Dh6vnXBNmrywCjCw1GQfTGCfJImWqnh
5UT2h6334wYhj6EoWuDX1jGHOgnAbTX5TXAGfCet6NKvoM7jpIUyyP1k9Ezbgvvp
HKH2vOHEZqeylhbHVjhOd39SV8swsQBcQPcerlDK9CicCNsF+cFWvKkhZXo832Us
IW7NpaYycpFeJdpnvGXKC5JglqPUfr+qpGJHFsglHDVCZ38mBPTKAo23GyR3V971
pB6cu/J8agmwzk0OWH1taTfLz2RZYt9Gmj/43BmKeIKpIk7vU9H2j2Ujt/5yeCAv
a8Wvus4h4tfS1ns=
-----END CERTIFICATE-----"
    name="new_TP"
    dn="sys/pki-ext/tp-new_TP"
    
    status="created"
    
    sacl="addchild,del,mod">
    </pkiTP>
</pair>
    </inConfigs>
</configEstimateImpact>

<configConfMos
cookie="1653329643/8b385b35-3e4c-4e06-a582-3b5ee6de555c"
inHierarchical="false">
    <inConfigs>
<pair key="sys/pki-ext/tp-new_TP">
    <pkiTP
    certChain="-----BEGIN CERTIFICATE-----
MIIF3zCCBMegAwIBAgITFQAAAALU9Lz04Hi9mwAAAAAAAjANBgkqhkiG9w0BAQ0F
ADBGMRMwEQYKCZImiZPyLGQBGRYDY29tMRgwFgYKCZImiZPyLGQBGRYIcG93ZXJl
bmcxFTATBgNVBAMTDFBFSSBSb290IENBMjAeFw0xNTA4MTIyMDQ2MDVaFw0zNTA4
MTIyMDA4MDVaME0xEzARBgoJkiaJk/IsZAEZFgNjb20xGDAWBgoJkiaJk/IsZAEZ
Fghwb3dlcmVuZzEcMBoGA1UEAxMTUEVJIFN1Ym9yZGluYXRlIENBMjCCASIwDQYJ
KoZIhvcNAQEBBQADggEPADCCAQoCggEBAKVLzra7Ww5Nmy+NM14MdRZWwEhw09fh
AIC6jDl90IGt1D0zvB9xrM1XTrSfEWgCNnveOnNSvXBSHjfWYd7KAs8NEDLyIjWl
uCB66bdi/xY2fascuYJvy2ZmA6Voh005/nRS7lPGq6yfZEjc6LXfiaHSWo+kbrFw
/ICoq79kEIympaHeO7TYFOcHoP7T/nfWvD0OrJZLrou9m53qQzZXduBVpYwfI91C
sGR1DpXKwcgC4yPqLdaP9GmWjYYddT6jQTGD/aCIfYo/29z2vXVafaHx90i8OIF7
frlhOL39P3GhxIlDk7espdSKxHWF6772N0XXc7NVaq+Jdw7vtpG02yMCAwEAAaOC
Ar0wggK5MBAGCSsGAQQBgjcVAQQDAgEAMB0GA1UdDgQWBBQFk+663K25Xljs+Tik
5+qrsUUojTAZBgkrBgEEAYI3FAIEDB4KAFMAdQBiAEMAQTALBgNVHQ8EBAMCAYYw
DwYDVR0TAQH/BAUwAwEB/zAfBgNVHSMEGDAWgBSwdElPGrGwpa46Uu+0SWDcXSTY
9TCCAQ8GA1UdHwSCAQYwggECMIH/oIH8oIH5hoG6bGRhcDovLy9DTj1QRUklMjBS
b290JTIwQ0EyLENOPUJPSS1SQ0EwMixDTj1DRFAsQ049UHVibGljJTIwS2V5JTIw
U2VydmljZXMsQ049U2VydmljZXMsQ049Q29uZmlndXJhdGlvbixEQz1wb3dlcmVu
ZyxEQz1jb20/Y2VydGlmaWNhdGVSZXZvY2F0aW9uTGlzdD9iYXNlP29iamVjdENs
YXNzPWNSTERpc3RyaWJ1dGlvblBvaW50hjpodHRwOi8vY2VydHMyLnBvd2VyZW5n
LmNvbS9DZXJ0RW5yb2xsL1BFSSUyMFJvb3QlMjBDQTIuY3JsMIIBFwYIKwYBBQUH
AQEEggEJMIIBBTCBsAYIKwYBBQUHMAKGgaNsZGFwOi8vL0NOPVBFSSUyMFJvb3Ql
MjBDQTIsQ049QUlBLENOPVB1YmxpYyUyMEtleSUyMFNlcnZpY2VzLENOPVNlcnZp
Y2VzLENOPUNvbmZpZ3VyYXRpb24sREM9cG93ZXJlbmcsREM9Y29tP2NBQ2VydGlm
aWNhdGU/YmFzZT9vYmplY3RDbGFzcz1jZXJ0aWZpY2F0aW9uQXV0aG9yaXR5MFAG
CCsGAQUFBzAChkRodHRwOi8vY2VydHMyLnBvd2VyZW5nLmNvbS9DZXJ0RW5yb2xs
L0JPSS1SQ0EwMl9QRUklMjBSb290JTIwQ0EyLmNydDANBgkqhkiG9w0BAQ0FAAOC
AQEAcpv1ZhjtPnt9puHEI7ex1y8Y5l9KFw9/H0d05h104MDMGuD07HDGlQfgvSrm
ghZP86z2WsssNFbUisjr+aQlCtK8kTdfO/lf3agg/GJBPnzqxiJxIlb9Y1v0JT4g
Jf9sZMsXNiiYwatYGecK8DR2UbWDFUMjcIF7MaECWNedh/aWMb4cah2isNP7FbCf
tZmP4LJ5VynBGTHb3P6DxYG2YzRxpSFeIlDP1aAABoFuKDGIK72izBG2QyeB1W2e
7/sjFRiSLbyw2GuSuzHm0o4w3PkHQ0H1yiv50jiX02Sl30J/uP4bNAQFkC2U3Ov3
RefYTwqj4uLKMmkNEqmpxLoySA==
-----END CERTIFICATE-----
-----BEGIN CERTIFICATE-----
MIIDZzCCAk+gAwIBAgIQcRKfGndHD6hGjBASc4K9SjANBgkqhkiG9w0BAQ0FADBG
MRMwEQYKCZImiZPyLGQBGRYDY29tMRgwFgYKCZImiZPyLGQBGRYIcG93ZXJlbmcx
FTATBgNVBAMTDFBFSSBSb290IENBMjAeFw0xNTA4MTIxOTU4MDZaFw0zNTA4MTIy
MDA4MDVaMEYxEzARBgoJkiaJk/IsZAEZFgNjb20xGDAWBgoJkiaJk/IsZAEZFghw
b3dlcmVuZzEVMBMGA1UEAxMMUEVJIFJvb3QgQ0EyMIIBIjANBgkqhkiG9w0BAQEF
AAOCAQ8AMIIBCgKCAQEAxanhsiCb9fNkG57vsINheoNLXlpEFlRpGh40h63D/mpo
Zt+dbOJ0S27FFJwNOLYivClAgTKwePXhtKErps5PRaPB2ndBA84SwzxABTL9hXv/
uCqv454ewAy/4Qf0I5FoKqyc4ZMDXlWofRskA3pGp1VNnWzza4iEpIT5kYA/sT0D
8TH5F/fvGQkvTRaHMevq8fO0fwkbCw19CQmKiv+wLvn2JxfVx6f1uxqzTlILXCnG
z2VEyH7ntNXYU5sywMyrhpwzPtMyKlXIaKNJEYMHdOCBk4+5xPmon6K3jmW1U8wX
GVlPX3u/pljmK0rXG3N27SG78Pt04cdNnD3ypZhKuQIDAQABo1EwTzALBgNVHQ8E
BAMCAYYwDwYDVR0TAQH/BAUwAwEB/zAdBgNVHQ4EFgQUsHRJTxqxsKWuOlLvtElg
3F0k2PUwEAYJKwYBBAGCNxUBBAMCAQAwDQYJKoZIhvcNAQENBQADggEBAGhToyIK
VgDPdVjZ/lx3CAASoZsY6YFq817Z6PqX1Dh6vnXBNmrywCjCw1GQfTGCfJImWqnh
5UT2h6334wYhj6EoWuDX1jGHOgnAbTX5TXAGfCet6NKvoM7jpIUyyP1k9Ezbgvvp
HKH2vOHEZqeylhbHVjhOd39SV8swsQBcQPcerlDK9CicCNsF+cFWvKkhZXo832Us
IW7NpaYycpFeJdpnvGXKC5JglqPUfr+qpGJHFsglHDVCZ38mBPTKAo23GyR3V971
pB6cu/J8agmwzk0OWH1taTfLz2RZYt9Gmj/43BmKeIKpIk7vU9H2j2Ujt/5yeCAv
a8Wvus4h4tfS1ns=
-----END CERTIFICATE-----"
    name="new_TP"
    dn="sys/pki-ext/tp-new_TP"
    
    status="created"
    
    sacl="addchild,del,mod">
    </pkiTP>
</pair>
    </inConfigs>
</configConfMos>
-----------------------------------------------------]