[------------- Sending Request to Server ------------

<configResolveDn
dn="sys"
cookie="1651601069/b662ccbd-04e8-4579-9e0e-6ce69ca9021b"
inHierarchical="false">
</configResolveDn>

<aaaCheckComputeExtAccess
cookie="1651601069/b662ccbd-04e8-4579-9e0e-6ce69ca9021b"
inDn="sys/chassis-1/blade-4"
inUser="ucs-powereng.com\kbriney-adm">
</aaaCheckComputeExtAccess>

<aaaCheckComputeExtAccess
cookie="1651601069/b662ccbd-04e8-4579-9e0e-6ce69ca9021b"
inDn="sys/chassis-1/blade-4"
inUser="ucs-powereng.com\kbriney-adm">
</aaaCheckComputeExtAccess>

<aaaCheckComputeExtAccess
cookie="1651601069/b662ccbd-04e8-4579-9e0e-6ce69ca9021b"
inDn="sys/chassis-1/blade-4"
inUser="ucs-powereng.com\kbriney-adm">
</aaaCheckComputeExtAccess>

<aaaCheckComputeExtAccess
cookie="1651601069/b662ccbd-04e8-4579-9e0e-6ce69ca9021b"
inDn="sys/chassis-1/blade-4"
inUser="ucs-powereng.com\kbriney-adm">
</aaaCheckComputeExtAccess>

<aaaCheckComputeExtAccess
cookie="1651601069/b662ccbd-04e8-4579-9e0e-6ce69ca9021b"
inDn="sys/chassis-1/blade-4"
inUser="ucs-powereng.com\kbriney-adm">
</aaaCheckComputeExtAccess>

<aaaCheckComputeExtAccess
cookie="1651601069/b662ccbd-04e8-4579-9e0e-6ce69ca9021b"
inDn="sys/chassis-1/blade-4"
inUser="ucs-powereng.com\kbriney-adm">
</aaaCheckComputeExtAccess>

<aaaCheckComputeExtAccess
cookie="1651601069/b662ccbd-04e8-4579-9e0e-6ce69ca9021b"
inDn="sys/chassis-1/blade-4"
inUser="ucs-powereng.com\kbriney-adm">
</aaaCheckComputeExtAccess>

<aaaCheckComputeExtAccess
cookie="1651601069/b662ccbd-04e8-4579-9e0e-6ce69ca9021b"
inDn="sys/chassis-1/blade-4"
inUser="ucs-powereng.com\kbriney-adm">
</aaaCheckComputeExtAccess>

<configEstimateImpact
cookie="1651601069/b662ccbd-04e8-4579-9e0e-6ce69ca9021b">
    <inConfigs>
<pair key="org-root/disk-group-config-dspKLB">
    <lstorageDiskGroupConfigPolicy
    name="dspKLB"
    raidLevel="mirror"
    dn="org-root/disk-group-config-dspKLB"
    
    status="created"
    
    sacl="addchild,del,mod">
        <lstorageDiskGroupQualifier
        driveType="unspecified"
        minDriveSize="unspecified"
        numDedHotSpares="unspecified"
        numDrives="2"
        numGlobHotSpares="unspecified"
        useJbodDisks="yes"
        useRemainingDisks="no"
        
        rn="disk-group-qual"
        
        
        sacl="addchild,del,mod">
        </lstorageDiskGroupQualifier>
        <lstorageVirtualDriveDef
        accessPolicy="platform-default"
        driveCache="platform-default"
        ioPolicy="platform-default"
        readPolicy="platform-default"
        security="no"
        stripSize="platform-default"
        writeCachePolicy="platform-default"
        
        rn="virtual-drive-def"
        
        
        sacl="addchild,del,mod">
        </lstorageVirtualDriveDef>
    </lstorageDiskGroupConfigPolicy>
</pair>
    </inConfigs>
</configEstimateImpact>

<configConfMos
cookie="1651601069/b662ccbd-04e8-4579-9e0e-6ce69ca9021b"
inHierarchical="false">
    <inConfigs>
<pair key="org-root/disk-group-config-dspKLB">
    <lstorageDiskGroupConfigPolicy
    name="dspKLB"
    raidLevel="mirror"
    dn="org-root/disk-group-config-dspKLB"
    
    status="created"
    
    sacl="addchild,del,mod">
        <lstorageDiskGroupQualifier
        driveType="unspecified"
        minDriveSize="unspecified"
        numDedHotSpares="unspecified"
        numDrives="2"
        numGlobHotSpares="unspecified"
        useJbodDisks="yes"
        useRemainingDisks="no"
        
        rn="disk-group-qual"
        
        
        sacl="addchild,del,mod">
        </lstorageDiskGroupQualifier>
        <lstorageVirtualDriveDef
        accessPolicy="platform-default"
        driveCache="platform-default"
        ioPolicy="platform-default"
        readPolicy="platform-default"
        security="no"
        stripSize="platform-default"
        writeCachePolicy="platform-default"
        
        rn="virtual-drive-def"
        
        
        sacl="addchild,del,mod">
        </lstorageVirtualDriveDef>
    </lstorageDiskGroupConfigPolicy>
</pair>
    </inConfigs>
</configConfMos>
-----------------------------------------------------]