[------------- Sending Request to Server ------------

<configResolveDn
dn="sys"
cookie="1652910563/f7b1bb7c-3fd4-4ab1-b34b-fcf409781a09"
inHierarchical="false">
</configResolveDn>

<configEstimateImpact
cookie="1652910563/f7b1bb7c-3fd4-4ab1-b34b-fcf409781a09">
    <inConfigs>
<pair key="org-root/scrub-NOSCRUB">
    <computeScrubPolicy
    name="NOSCRUB"
    dn="org-root/scrub-NOSCRUB"
    
    status="created"
    
    sacl="addchild,del,mod">
    </computeScrubPolicy>
</pair>
    </inConfigs>
</configEstimateImpact>

<configConfMos
cookie="1652910563/f7b1bb7c-3fd4-4ab1-b34b-fcf409781a09"
inHierarchical="false">
    <inConfigs>
<pair key="org-root/scrub-NOSCRUB">
    <computeScrubPolicy
    name="NOSCRUB"
    dn="org-root/scrub-NOSCRUB"
    
    status="created"
    
    sacl="addchild,del,mod">
    </computeScrubPolicy>
</pair>
    </inConfigs>
</configConfMos>
-----------------------------------------------------]