[------------- Sending Request to Server ------------

<configResolveDn
dn="sys"
cookie="1651604670/6608a181-51ba-4147-a796-4dc4c3086128"
inHierarchical="false">
</configResolveDn>

<configResolveDn
dn="sys"
cookie="1651604670/6608a181-51ba-4147-a796-4dc4c3086128"
inHierarchical="false">
</configResolveDn>

<configEstimateImpact
cookie="1651604670/6608a181-51ba-4147-a796-4dc4c3086128">
    <inConfigs>
<pair key="org-root/ip-pool-klbippool">
    <ippoolPool
    name="klbippool"
    dn="org-root/ip-pool-klbippool"
    
    status="created"
    
    sacl="addchild,del,mod">
        <ippoolBlock
        defGw="192.168.1.1"
        from="192.168.1.0"
        primDns="192.168.3.10"
        secDns="192.168.3.20"
        to="192.168.1.31"
        
        rn="block-192.168.1.0-192.168.1.31"
        status="created"
        
        sacl="addchild,del,mod">
        </ippoolBlock>
    </ippoolPool>
</pair>
    </inConfigs>
</configEstimateImpact>

<aaaCheckComputeExtAccess
cookie="1651604670/6608a181-51ba-4147-a796-4dc4c3086128"
inDn="sys/chassis-1/blade-4"
inUser="ucs-powereng.com\kbriney-adm">
</aaaCheckComputeExtAccess>

<aaaCheckComputeExtAccess
cookie="1651604670/6608a181-51ba-4147-a796-4dc4c3086128"
inDn="sys/chassis-1/blade-4"
inUser="ucs-powereng.com\kbriney-adm">
</aaaCheckComputeExtAccess>

<aaaCheckComputeExtAccess
cookie="1651604670/6608a181-51ba-4147-a796-4dc4c3086128"
inDn="sys/chassis-1/blade-4"
inUser="ucs-powereng.com\kbriney-adm">
</aaaCheckComputeExtAccess>

<aaaCheckComputeExtAccess
cookie="1651604670/6608a181-51ba-4147-a796-4dc4c3086128"
inDn="sys/chassis-1/blade-4"
inUser="ucs-powereng.com\kbriney-adm">
</aaaCheckComputeExtAccess>

<aaaCheckComputeExtAccess
cookie="1651604670/6608a181-51ba-4147-a796-4dc4c3086128"
inDn="sys/chassis-1/blade-4"
inUser="ucs-powereng.com\kbriney-adm">
</aaaCheckComputeExtAccess>

<aaaCheckComputeExtAccess
cookie="1651604670/6608a181-51ba-4147-a796-4dc4c3086128"
inDn="sys/chassis-1/blade-4"
inUser="ucs-powereng.com\kbriney-adm">
</aaaCheckComputeExtAccess>

<aaaCheckComputeExtAccess
cookie="1651604670/6608a181-51ba-4147-a796-4dc4c3086128"
inDn="sys/chassis-1/blade-4"
inUser="ucs-powereng.com\kbriney-adm">
</aaaCheckComputeExtAccess>

<aaaCheckComputeExtAccess
cookie="1651604670/6608a181-51ba-4147-a796-4dc4c3086128"
inDn="sys/chassis-1/blade-4"
inUser="ucs-powereng.com\kbriney-adm">
</aaaCheckComputeExtAccess>

<configEstimateImpact
cookie="1651604670/6608a181-51ba-4147-a796-4dc4c3086128">
    <inConfigs>
<pair key="org-root/ip-pool-klbippool">
    <ippoolPool
    name="klbippool"
    dn="org-root/ip-pool-klbippool"
    
    status="created"
    
    sacl="addchild,del,mod">
        <ippoolBlock
        defGw="10.251.1.1"
        from="10.251.1.0"
        primDns="10.251.3.10"
        secDns="10.251.3.20"
        to="10.251.1.31"
        
        rn="block-10.251.1.0-10.251.1.31"
        status="created"
        
        sacl="addchild,del,mod">
        </ippoolBlock>
    </ippoolPool>
</pair>
    </inConfigs>
</configEstimateImpact>

<aaaTokenRefresh
cookie="1651604670/6608a181-51ba-4147-a796-4dc4c3086128"
inName="ucs-powereng.com\kbriney-adm"
inCookie="1651604670/6608a181-51ba-4147-a796-4dc4c3086128">
</aaaTokenRefresh>

<configResolveDn
dn="sys"
cookie="1651605270/36d8302c-0519-4fd6-ba57-5c4d0032872a"
inHierarchical="false">
</configResolveDn>

<aaaCheckComputeExtAccess
cookie="1651605270/36d8302c-0519-4fd6-ba57-5c4d0032872a"
inDn="sys/chassis-1/blade-7"
inUser="ucs-powereng.com\kbriney-adm">
</aaaCheckComputeExtAccess>

<aaaCheckComputeExtAccess
cookie="1651605270/36d8302c-0519-4fd6-ba57-5c4d0032872a"
inDn="sys/chassis-1/blade-7"
inUser="ucs-powereng.com\kbriney-adm">
</aaaCheckComputeExtAccess>

<aaaCheckComputeExtAccess
cookie="1651605270/36d8302c-0519-4fd6-ba57-5c4d0032872a"
inDn="sys/chassis-1/blade-7"
inUser="ucs-powereng.com\kbriney-adm">
</aaaCheckComputeExtAccess>

<aaaCheckComputeExtAccess
cookie="1651605270/36d8302c-0519-4fd6-ba57-5c4d0032872a"
inDn="sys/chassis-1/blade-7"
inUser="ucs-powereng.com\kbriney-adm">
</aaaCheckComputeExtAccess>

<configEstimateImpact
cookie="1651605270/36d8302c-0519-4fd6-ba57-5c4d0032872a">
    <inConfigs>
<pair key="org-root/ip-pool-klbippool">
    <ippoolPool
    name="klbippool"
    dn="org-root/ip-pool-klbippool"
    
    status="created"
    
    sacl="addchild,del,mod">
        <ippoolBlock
        defGw="192.168.1.1"
        from="192.168.1.15"
        primDns="192.168.3.20"
        secDns="192.168.3.30"
        to="192.168.1.46"
        
        rn="block-192.168.1.15-192.168.1.46"
        status="created"
        
        sacl="addchild,del,mod">
        </ippoolBlock>
    </ippoolPool>
</pair>
    </inConfigs>
</configEstimateImpact>

<configConfMos
cookie="1651605270/36d8302c-0519-4fd6-ba57-5c4d0032872a"
inHierarchical="false">
    <inConfigs>
<pair key="org-root/ip-pool-klbippool">
    <ippoolPool
    name="klbippool"
    dn="org-root/ip-pool-klbippool"
    
    status="created"
    
    sacl="addchild,del,mod">
        <ippoolBlock
        defGw="192.168.1.1"
        from="192.168.1.15"
        primDns="192.168.3.20"
        secDns="192.168.3.30"
        to="192.168.1.46"
        
        rn="block-192.168.1.15-192.168.1.46"
        status="created"
        
        sacl="addchild,del,mod">
        </ippoolBlock>
    </ippoolPool>
</pair>
    </inConfigs>
</configConfMos>
-----------------------------------------------------]