[------------- Sending Request to Server ------------

<configResolveDn
dn="sys"
cookie="1677710232/709452ce-83c6-477b-a50d-a9aabbbe0115"
inHierarchical="false">
</configResolveDn>

<configResolveDn
dn="org-root/ls-VMWare.DMZ.M2/pn-req"
cookie="1677710232/709452ce-83c6-477b-a50d-a9aabbbe0115"
inHierarchical="false">
</configResolveDn>

<lsInstantiateNNamedTemplate
dn="org-root/ls-VMWare.DMZ.M2"
cookie="1677710232/709452ce-83c6-477b-a50d-a9aabbbe0115"
inTargetOrg="org-root"
inHierarchical="false"
inErrorOnExisting="true">
    <inNameSet>
<dn value="DA11Z-ESX-C1-B1"/>
<dn value="DA11Z-ESX-C1-B2"/>
    </inNameSet>
</lsInstantiateNNamedTemplate>
-----------------------------------------------------]