[------------- Sending Request to Server ------------

<configResolveClass
cookie="1662661812/b347cee0-605a-4a2b-a69d-fb58256b9e03"
classId="firmwareDistributable"
inHierarchical="false">
    <inFilter>
<eq class="firmwareDistributable" property="type" value="service-pack-bundle"/>
    </inFilter>
</configResolveClass>

<configResolveDn
dn="sys"
cookie="1662661812/b347cee0-605a-4a2b-a69d-fb58256b9e03"
inHierarchical="false">
</configResolveDn>

<configResolveDn
dn="sys"
cookie="1662661812/b347cee0-605a-4a2b-a69d-fb58256b9e03"
inHierarchical="false">
</configResolveDn>

<configResolveDn
dn="sys"
cookie="1662661812/b347cee0-605a-4a2b-a69d-fb58256b9e03"
inHierarchical="false">
</configResolveDn>

<configEstimateImpact
cookie="1662661812/b347cee0-605a-4a2b-a69d-fb58256b9e03">
    <inConfigs>
<pair key="org-root/fw-host-pack-test">
    <firmwareComputeHostPack
    bladeBundleVersion="4.2(1m)B"
    name="test"
    overrideDefaultExclusion="yes"
    rackBundleVersion="4.2(1m)C"
    dn="org-root/fw-host-pack-test"
    
    status="created"
    
    sacl="addchild,del,mod">
        <firmwareExcludeServerComponent
        serverComponent="local-disk"
        
        rn="exclude-server-component-local-disk"
        
        
        sacl="addchild,del,mod">
        </firmwareExcludeServerComponent>
    </firmwareComputeHostPack>
</pair>
    </inConfigs>
</configEstimateImpact>

<configConfMos
cookie="1662661812/b347cee0-605a-4a2b-a69d-fb58256b9e03"
inHierarchical="false">
    <inConfigs>
<pair key="org-root/fw-host-pack-test">
    <firmwareComputeHostPack
    bladeBundleVersion="4.2(1m)B"
    name="test"
    overrideDefaultExclusion="yes"
    rackBundleVersion="4.2(1m)C"
    dn="org-root/fw-host-pack-test"
    
    status="created"
    
    sacl="addchild,del,mod">
        <firmwareExcludeServerComponent
        serverComponent="local-disk"
        
        rn="exclude-server-component-local-disk"
        
        
        sacl="addchild,del,mod">
        </firmwareExcludeServerComponent>
    </firmwareComputeHostPack>
</pair>
    </inConfigs>
</configConfMos>
-----------------------------------------------------]