[------------- Sending Request to Server ------------

<configEstimateImpact
cookie="1655919655/5407f0c5-3a98-4075-8bf9-dd77d466925f">
    <inConfigs>
<pair key="org-root/mac-pool-default">
    <macpoolPool
    dn="org-root/mac-pool-default"
    
    status="deleted"
    
    sacl="addchild,del,mod">
    </macpoolPool>
</pair>
    </inConfigs>
</configEstimateImpact>

<configConfMos
cookie="1655919655/5407f0c5-3a98-4075-8bf9-dd77d466925f"
inHierarchical="false">
    <inConfigs>
<pair key="org-root">
    <orgOrg
    name="root"
    dn="org-root"
    
    status="created,modified"
    
    sacl="addchild,del,mod">
        <macpoolPool
        
        rn="mac-pool-default"
        status="deleted"
        
        sacl="addchild,del,mod">
        </macpoolPool>
    </orgOrg>
</pair>
    </inConfigs>
</configConfMos>
-----------------------------------------------------]