[------------- Sending Request to Server ------------

<configEstimateImpact
cookie="1652889010/86e0c8f0-c64b-462a-8561-63e6450eb48b">
    <inConfigs>
<pair key="org-root/boot-policy-default">
    <lsbootPolicy
    dn="org-root/boot-policy-default"
    
    status="deleted"
    
    sacl="addchild,del,mod">
    </lsbootPolicy>
</pair>
    </inConfigs>
</configEstimateImpact>

<configConfMos
cookie="1652889010/86e0c8f0-c64b-462a-8561-63e6450eb48b"
inHierarchical="false">
    <inConfigs>
<pair key="org-root">
    <orgOrg
    name="root"
    dn="org-root"
    
    status="created,modified"
    
    sacl="addchild,del,mod">
        <lsbootPolicy
        
        rn="boot-policy-default"
        status="deleted"
        
        sacl="addchild,del,mod">
        </lsbootPolicy>
    </orgOrg>
</pair>
    </inConfigs>
</configConfMos>

<configResolveDn
dn="org-root/boot-policy-default"
cookie="1652889010/86e0c8f0-c64b-462a-8561-63e6450eb48b"
inHierarchical="false">
</configResolveDn>

<configResolveDn
dn="org-root/boot-policy-default"
cookie="1652889010/86e0c8f0-c64b-462a-8561-63e6450eb48b"
inHierarchical="false">
</configResolveDn>

<configResolveDn
dn="org-root/boot-policy-default"
cookie="1652889010/86e0c8f0-c64b-462a-8561-63e6450eb48b"
inHierarchical="false">
</configResolveDn>

<configResolveDn
dn="org-root/boot-policy-default"
cookie="1652889010/86e0c8f0-c64b-462a-8561-63e6450eb48b"
inHierarchical="false">
</configResolveDn>

<configResolveDn
dn="org-root/boot-policy-default"
cookie="1652889010/86e0c8f0-c64b-462a-8561-63e6450eb48b"
inHierarchical="false">
</configResolveDn>

<configResolveDn
dn="org-root/boot-policy-default"
cookie="1652889010/86e0c8f0-c64b-462a-8561-63e6450eb48b"
inHierarchical="false">
</configResolveDn>

<configResolveDn
dn="org-root/boot-policy-default"
cookie="1652889010/86e0c8f0-c64b-462a-8561-63e6450eb48b"
inHierarchical="false">
</configResolveDn>

<configResolveDn
dn="org-root/boot-policy-default"
cookie="1652889010/86e0c8f0-c64b-462a-8561-63e6450eb48b"
inHierarchical="false">
</configResolveDn>

<configResolveDn
dn="org-root/boot-policy-default"
cookie="1652889010/86e0c8f0-c64b-462a-8561-63e6450eb48b"
inHierarchical="false">
</configResolveDn>

<configResolveDn
dn="org-root/boot-policy-default"
cookie="1652889010/86e0c8f0-c64b-462a-8561-63e6450eb48b"
inHierarchical="false">
</configResolveDn>

<configResolveDn
dn="org-root/boot-policy-default"
cookie="1652889010/86e0c8f0-c64b-462a-8561-63e6450eb48b"
inHierarchical="false">
</configResolveDn>

<configResolveDn
dn="org-root/boot-policy-default"
cookie="1652889010/86e0c8f0-c64b-462a-8561-63e6450eb48b"
inHierarchical="false">
</configResolveDn>

<configResolveDn
dn="org-root/boot-policy-default"
cookie="1652889010/86e0c8f0-c64b-462a-8561-63e6450eb48b"
inHierarchical="false">
</configResolveDn>

<configResolveDn
dn="org-root/boot-policy-default"
cookie="1652889010/86e0c8f0-c64b-462a-8561-63e6450eb48b"
inHierarchical="false">
</configResolveDn>

<configResolveDn
dn="org-root/boot-policy-default"
cookie="1652889010/86e0c8f0-c64b-462a-8561-63e6450eb48b"
inHierarchical="false">
</configResolveDn>

<configResolveDn
dn="org-root/boot-policy-default"
cookie="1652889010/86e0c8f0-c64b-462a-8561-63e6450eb48b"
inHierarchical="false">
</configResolveDn>

<configResolveDn
dn="org-root/boot-policy-default"
cookie="1652889010/86e0c8f0-c64b-462a-8561-63e6450eb48b"
inHierarchical="false">
</configResolveDn>

<configResolveDn
dn="org-root/boot-policy-default"
cookie="1652889010/86e0c8f0-c64b-462a-8561-63e6450eb48b"
inHierarchical="false">
</configResolveDn>

<configResolveDn
dn="org-root/boot-policy-default"
cookie="1652889010/86e0c8f0-c64b-462a-8561-63e6450eb48b"
inHierarchical="false">
</configResolveDn>

<configResolveDn
dn="org-root/boot-policy-default"
cookie="1652889010/86e0c8f0-c64b-462a-8561-63e6450eb48b"
inHierarchical="false">
</configResolveDn>

<configResolveDn
dn="org-root/boot-policy-default"
cookie="1652889010/86e0c8f0-c64b-462a-8561-63e6450eb48b"
inHierarchical="false">
</configResolveDn>

<configResolveDn
dn="org-root/boot-policy-default"
cookie="1652889010/86e0c8f0-c64b-462a-8561-63e6450eb48b"
inHierarchical="false">
</configResolveDn>

<configResolveDn
dn="org-root/boot-policy-default"
cookie="1652889010/86e0c8f0-c64b-462a-8561-63e6450eb48b"
inHierarchical="false">
</configResolveDn>

<configResolveDn
dn="org-root/boot-policy-default"
cookie="1652889010/86e0c8f0-c64b-462a-8561-63e6450eb48b"
inHierarchical="false">
</configResolveDn>

<configResolveDn
dn="org-root/boot-policy-default"
cookie="1652889010/86e0c8f0-c64b-462a-8561-63e6450eb48b"
inHierarchical="false">
</configResolveDn>

<configResolveDn
dn="org-root/boot-policy-default"
cookie="1652889010/86e0c8f0-c64b-462a-8561-63e6450eb48b"
inHierarchical="false">
</configResolveDn>

<configResolveDn
dn="org-root/boot-policy-default"
cookie="1652889010/86e0c8f0-c64b-462a-8561-63e6450eb48b"
inHierarchical="false">
</configResolveDn>

<configResolveDn
dn="org-root/boot-policy-default"
cookie="1652889010/86e0c8f0-c64b-462a-8561-63e6450eb48b"
inHierarchical="false">
</configResolveDn>

<configResolveDn
dn="org-root/boot-policy-default"
cookie="1652889010/86e0c8f0-c64b-462a-8561-63e6450eb48b"
inHierarchical="false">
</configResolveDn>

<configResolveDn
dn="org-root/boot-policy-default"
cookie="1652889010/86e0c8f0-c64b-462a-8561-63e6450eb48b"
inHierarchical="false">
</configResolveDn>

<configResolveDn
dn="org-root/boot-policy-default"
cookie="1652889010/86e0c8f0-c64b-462a-8561-63e6450eb48b"
inHierarchical="false">
</configResolveDn>

<configResolveDn
dn="org-root/boot-policy-default"
cookie="1652889010/86e0c8f0-c64b-462a-8561-63e6450eb48b"
inHierarchical="false">
</configResolveDn>

<configResolveDn
dn="org-root/boot-policy-default"
cookie="1652889010/86e0c8f0-c64b-462a-8561-63e6450eb48b"
inHierarchical="false">
</configResolveDn>

<configResolveDn
dn="org-root/boot-policy-default"
cookie="1652889010/86e0c8f0-c64b-462a-8561-63e6450eb48b"
inHierarchical="false">
</configResolveDn>

<configResolveDn
dn="org-root/boot-policy-default"
cookie="1652889010/86e0c8f0-c64b-462a-8561-63e6450eb48b"
inHierarchical="false">
</configResolveDn>

<configResolveDn
dn="org-root/boot-policy-default"
cookie="1652889010/86e0c8f0-c64b-462a-8561-63e6450eb48b"
inHierarchical="false">
</configResolveDn>

<configResolveDn
dn="org-root/boot-policy-default"
cookie="1652889010/86e0c8f0-c64b-462a-8561-63e6450eb48b"
inHierarchical="false">
</configResolveDn>

<configResolveDn
dn="org-root/boot-policy-default"
cookie="1652889010/86e0c8f0-c64b-462a-8561-63e6450eb48b"
inHierarchical="false">
</configResolveDn>

<configResolveDn
dn="org-root/boot-policy-default"
cookie="1652889010/86e0c8f0-c64b-462a-8561-63e6450eb48b"
inHierarchical="false">
</configResolveDn>

<configResolveDn
dn="org-root/boot-policy-default"
cookie="1652889010/86e0c8f0-c64b-462a-8561-63e6450eb48b"
inHierarchical="false">
</configResolveDn>

<configResolveDn
dn="org-root/boot-policy-default"
cookie="1652889010/86e0c8f0-c64b-462a-8561-63e6450eb48b"
inHierarchical="false">
</configResolveDn>

<configResolveDn
dn="org-root/boot-policy-default"
cookie="1652889010/86e0c8f0-c64b-462a-8561-63e6450eb48b"
inHierarchical="false">
</configResolveDn>

<configResolveDn
dn="org-root/boot-policy-default"
cookie="1652889010/86e0c8f0-c64b-462a-8561-63e6450eb48b"
inHierarchical="false">
</configResolveDn>

<configResolveDn
dn="org-root/boot-policy-default"
cookie="1652889010/86e0c8f0-c64b-462a-8561-63e6450eb48b"
inHierarchical="false">
</configResolveDn>

<configResolveDn
dn="org-root/boot-policy-default"
cookie="1652889010/86e0c8f0-c64b-462a-8561-63e6450eb48b"
inHierarchical="false">
</configResolveDn>

<configResolveDn
dn="org-root/boot-policy-default"
cookie="1652889010/86e0c8f0-c64b-462a-8561-63e6450eb48b"
inHierarchical="false">
</configResolveDn>

<configResolveDn
dn="org-root/boot-policy-default"
cookie="1652889010/86e0c8f0-c64b-462a-8561-63e6450eb48b"
inHierarchical="false">
</configResolveDn>

<configResolveDn
dn="org-root/boot-policy-default"
cookie="1652889010/86e0c8f0-c64b-462a-8561-63e6450eb48b"
inHierarchical="false">
</configResolveDn>

<configResolveDn
dn="org-root/boot-policy-default"
cookie="1652889010/86e0c8f0-c64b-462a-8561-63e6450eb48b"
inHierarchical="false">
</configResolveDn>

<configResolveDn
dn="org-root/boot-policy-default"
cookie="1652889010/86e0c8f0-c64b-462a-8561-63e6450eb48b"
inHierarchical="false">
</configResolveDn>

<configResolveDn
dn="org-root/boot-policy-default"
cookie="1652889010/86e0c8f0-c64b-462a-8561-63e6450eb48b"
inHierarchical="false">
</configResolveDn>

<configResolveDn
dn="org-root/boot-policy-default"
cookie="1652889010/86e0c8f0-c64b-462a-8561-63e6450eb48b"
inHierarchical="false">
</configResolveDn>

<configResolveDn
dn="org-root/boot-policy-default"
cookie="1652889010/86e0c8f0-c64b-462a-8561-63e6450eb48b"
inHierarchical="false">
</configResolveDn>

<configResolveDn
dn="org-root/boot-policy-default"
cookie="1652889010/86e0c8f0-c64b-462a-8561-63e6450eb48b"
inHierarchical="false">
</configResolveDn>

<configResolveDn
dn="org-root/boot-policy-default"
cookie="1652889010/86e0c8f0-c64b-462a-8561-63e6450eb48b"
inHierarchical="false">
</configResolveDn>

<configResolveDn
dn="org-root/boot-policy-default"
cookie="1652889010/86e0c8f0-c64b-462a-8561-63e6450eb48b"
inHierarchical="false">
</configResolveDn>

<configResolveDn
dn="org-root/boot-policy-default"
cookie="1652889010/86e0c8f0-c64b-462a-8561-63e6450eb48b"
inHierarchical="false">
</configResolveDn>

<configResolveDn
dn="org-root/boot-policy-default"
cookie="1652889010/86e0c8f0-c64b-462a-8561-63e6450eb48b"
inHierarchical="false">
</configResolveDn>

<configResolveDn
dn="org-root/boot-policy-default"
cookie="1652889010/86e0c8f0-c64b-462a-8561-63e6450eb48b"
inHierarchical="false">
</configResolveDn>

<configResolveDn
dn="org-root/boot-policy-default"
cookie="1652889010/86e0c8f0-c64b-462a-8561-63e6450eb48b"
inHierarchical="false">
</configResolveDn>

<configEstimateImpact
cookie="1652889010/86e0c8f0-c64b-462a-8561-63e6450eb48b">
    <inConfigs>
<pair key="org-root/boot-policy-default-UEFI">
    <lsbootPolicy
    dn="org-root/boot-policy-default-UEFI"
    
    status="deleted"
    
    sacl="addchild,del,mod">
    </lsbootPolicy>
</pair>
    </inConfigs>
</configEstimateImpact>

<configConfMos
cookie="1652889010/86e0c8f0-c64b-462a-8561-63e6450eb48b"
inHierarchical="false">
    <inConfigs>
<pair key="org-root">
    <orgOrg
    name="root"
    dn="org-root"
    
    status="created,modified"
    
    sacl="addchild,del,mod">
        <lsbootPolicy
        
        rn="boot-policy-default-UEFI"
        status="deleted"
        
        sacl="addchild,del,mod">
        </lsbootPolicy>
    </orgOrg>
</pair>
    </inConfigs>
</configConfMos>

<configResolveDn
dn="org-root/boot-policy-default-UEFI"
cookie="1652889010/86e0c8f0-c64b-462a-8561-63e6450eb48b"
inHierarchical="false">
</configResolveDn>

<configResolveDn
dn="org-root/boot-policy-default-UEFI"
cookie="1652889010/86e0c8f0-c64b-462a-8561-63e6450eb48b"
inHierarchical="false">
</configResolveDn>

<configResolveDn
dn="org-root/boot-policy-default-UEFI"
cookie="1652889010/86e0c8f0-c64b-462a-8561-63e6450eb48b"
inHierarchical="false">
</configResolveDn>

<configResolveDn
dn="org-root/boot-policy-default-UEFI"
cookie="1652889010/86e0c8f0-c64b-462a-8561-63e6450eb48b"
inHierarchical="false">
</configResolveDn>

<configResolveDn
dn="org-root/boot-policy-default-UEFI"
cookie="1652889010/86e0c8f0-c64b-462a-8561-63e6450eb48b"
inHierarchical="false">
</configResolveDn>

<configResolveDn
dn="org-root/boot-policy-default-UEFI"
cookie="1652889010/86e0c8f0-c64b-462a-8561-63e6450eb48b"
inHierarchical="false">
</configResolveDn>

<configResolveDn
dn="org-root/boot-policy-default-UEFI"
cookie="1652889010/86e0c8f0-c64b-462a-8561-63e6450eb48b"
inHierarchical="false">
</configResolveDn>

<configResolveDn
dn="org-root/boot-policy-default-UEFI"
cookie="1652889010/86e0c8f0-c64b-462a-8561-63e6450eb48b"
inHierarchical="false">
</configResolveDn>

<configResolveDn
dn="org-root/boot-policy-default-UEFI"
cookie="1652889010/86e0c8f0-c64b-462a-8561-63e6450eb48b"
inHierarchical="false">
</configResolveDn>

<configResolveDn
dn="org-root/boot-policy-default-UEFI"
cookie="1652889010/86e0c8f0-c64b-462a-8561-63e6450eb48b"
inHierarchical="false">
</configResolveDn>

<configResolveDn
dn="org-root/boot-policy-default-UEFI"
cookie="1652889010/86e0c8f0-c64b-462a-8561-63e6450eb48b"
inHierarchical="false">
</configResolveDn>

<configResolveDn
dn="org-root/boot-policy-default-UEFI"
cookie="1652889010/86e0c8f0-c64b-462a-8561-63e6450eb48b"
inHierarchical="false">
</configResolveDn>

<configResolveDn
dn="org-root/boot-policy-default-UEFI"
cookie="1652889010/86e0c8f0-c64b-462a-8561-63e6450eb48b"
inHierarchical="false">
</configResolveDn>

<configResolveDn
dn="org-root/boot-policy-default-UEFI"
cookie="1652889010/86e0c8f0-c64b-462a-8561-63e6450eb48b"
inHierarchical="false">
</configResolveDn>

<configResolveDn
dn="org-root/boot-policy-default-UEFI"
cookie="1652889010/86e0c8f0-c64b-462a-8561-63e6450eb48b"
inHierarchical="false">
</configResolveDn>

<configResolveDn
dn="org-root/boot-policy-default-UEFI"
cookie="1652889010/86e0c8f0-c64b-462a-8561-63e6450eb48b"
inHierarchical="false">
</configResolveDn>

<configResolveDn
dn="org-root/boot-policy-default-UEFI"
cookie="1652889010/86e0c8f0-c64b-462a-8561-63e6450eb48b"
inHierarchical="false">
</configResolveDn>

<configResolveDn
dn="org-root/boot-policy-default-UEFI"
cookie="1652889010/86e0c8f0-c64b-462a-8561-63e6450eb48b"
inHierarchical="false">
</configResolveDn>

<configResolveDn
dn="org-root/boot-policy-default-UEFI"
cookie="1652889010/86e0c8f0-c64b-462a-8561-63e6450eb48b"
inHierarchical="false">
</configResolveDn>

<configResolveDn
dn="org-root/boot-policy-default-UEFI"
cookie="1652889010/86e0c8f0-c64b-462a-8561-63e6450eb48b"
inHierarchical="false">
</configResolveDn>

<configResolveDn
dn="org-root/boot-policy-default-UEFI"
cookie="1652889010/86e0c8f0-c64b-462a-8561-63e6450eb48b"
inHierarchical="false">
</configResolveDn>

<configResolveDn
dn="org-root/boot-policy-default-UEFI"
cookie="1652889010/86e0c8f0-c64b-462a-8561-63e6450eb48b"
inHierarchical="false">
</configResolveDn>

<configResolveDn
dn="org-root/boot-policy-default-UEFI"
cookie="1652889010/86e0c8f0-c64b-462a-8561-63e6450eb48b"
inHierarchical="false">
</configResolveDn>

<configResolveDn
dn="org-root/boot-policy-default-UEFI"
cookie="1652889010/86e0c8f0-c64b-462a-8561-63e6450eb48b"
inHierarchical="false">
</configResolveDn>

<configResolveDn
dn="org-root/boot-policy-default-UEFI"
cookie="1652889010/86e0c8f0-c64b-462a-8561-63e6450eb48b"
inHierarchical="false">
</configResolveDn>

<configResolveDn
dn="org-root/boot-policy-default-UEFI"
cookie="1652889010/86e0c8f0-c64b-462a-8561-63e6450eb48b"
inHierarchical="false">
</configResolveDn>

<configResolveDn
dn="org-root/boot-policy-default-UEFI"
cookie="1652889010/86e0c8f0-c64b-462a-8561-63e6450eb48b"
inHierarchical="false">
</configResolveDn>

<configResolveDn
dn="org-root/boot-policy-default-UEFI"
cookie="1652889010/86e0c8f0-c64b-462a-8561-63e6450eb48b"
inHierarchical="false">
</configResolveDn>

<configResolveDn
dn="org-root/boot-policy-default-UEFI"
cookie="1652889010/86e0c8f0-c64b-462a-8561-63e6450eb48b"
inHierarchical="false">
</configResolveDn>

<configResolveDn
dn="org-root/boot-policy-default-UEFI"
cookie="1652889010/86e0c8f0-c64b-462a-8561-63e6450eb48b"
inHierarchical="false">
</configResolveDn>

<configResolveDn
dn="org-root/boot-policy-default-UEFI"
cookie="1652889010/86e0c8f0-c64b-462a-8561-63e6450eb48b"
inHierarchical="false">
</configResolveDn>

<configResolveDn
dn="org-root/boot-policy-default-UEFI"
cookie="1652889010/86e0c8f0-c64b-462a-8561-63e6450eb48b"
inHierarchical="false">
</configResolveDn>

<configResolveDn
dn="org-root/boot-policy-default-UEFI"
cookie="1652889010/86e0c8f0-c64b-462a-8561-63e6450eb48b"
inHierarchical="false">
</configResolveDn>

<configResolveDn
dn="org-root/boot-policy-default-UEFI"
cookie="1652889010/86e0c8f0-c64b-462a-8561-63e6450eb48b"
inHierarchical="false">
</configResolveDn>

<configResolveDn
dn="org-root/boot-policy-default-UEFI"
cookie="1652889010/86e0c8f0-c64b-462a-8561-63e6450eb48b"
inHierarchical="false">
</configResolveDn>

<configResolveDn
dn="org-root/boot-policy-default-UEFI"
cookie="1652889010/86e0c8f0-c64b-462a-8561-63e6450eb48b"
inHierarchical="false">
</configResolveDn>

<configResolveDn
dn="org-root/boot-policy-default-UEFI"
cookie="1652889010/86e0c8f0-c64b-462a-8561-63e6450eb48b"
inHierarchical="false">
</configResolveDn>

<configResolveDn
dn="org-root/boot-policy-default-UEFI"
cookie="1652889010/86e0c8f0-c64b-462a-8561-63e6450eb48b"
inHierarchical="false">
</configResolveDn>

<configResolveDn
dn="org-root/boot-policy-default-UEFI"
cookie="1652889010/86e0c8f0-c64b-462a-8561-63e6450eb48b"
inHierarchical="false">
</configResolveDn>

<configResolveDn
dn="org-root/boot-policy-default-UEFI"
cookie="1652889010/86e0c8f0-c64b-462a-8561-63e6450eb48b"
inHierarchical="false">
</configResolveDn>

<configResolveDn
dn="org-root/boot-policy-default-UEFI"
cookie="1652889010/86e0c8f0-c64b-462a-8561-63e6450eb48b"
inHierarchical="false">
</configResolveDn>

<configResolveDn
dn="org-root/boot-policy-default-UEFI"
cookie="1652889010/86e0c8f0-c64b-462a-8561-63e6450eb48b"
inHierarchical="false">
</configResolveDn>

<configResolveDn
dn="org-root/boot-policy-default-UEFI"
cookie="1652889010/86e0c8f0-c64b-462a-8561-63e6450eb48b"
inHierarchical="false">
</configResolveDn>

<configResolveDn
dn="org-root/boot-policy-default-UEFI"
cookie="1652889010/86e0c8f0-c64b-462a-8561-63e6450eb48b"
inHierarchical="false">
</configResolveDn>

<configResolveDn
dn="org-root/boot-policy-default-UEFI"
cookie="1652889010/86e0c8f0-c64b-462a-8561-63e6450eb48b"
inHierarchical="false">
</configResolveDn>

<configResolveDn
dn="org-root/boot-policy-default-UEFI"
cookie="1652889010/86e0c8f0-c64b-462a-8561-63e6450eb48b"
inHierarchical="false">
</configResolveDn>

<configResolveDn
dn="org-root/boot-policy-default-UEFI"
cookie="1652889010/86e0c8f0-c64b-462a-8561-63e6450eb48b"
inHierarchical="false">
</configResolveDn>

<configResolveDn
dn="org-root/boot-policy-default-UEFI"
cookie="1652889010/86e0c8f0-c64b-462a-8561-63e6450eb48b"
inHierarchical="false">
</configResolveDn>

<configResolveDn
dn="org-root/boot-policy-default-UEFI"
cookie="1652889010/86e0c8f0-c64b-462a-8561-63e6450eb48b"
inHierarchical="false">
</configResolveDn>

<configResolveDn
dn="org-root/boot-policy-default-UEFI"
cookie="1652889010/86e0c8f0-c64b-462a-8561-63e6450eb48b"
inHierarchical="false">
</configResolveDn>

<configResolveDn
dn="org-root/boot-policy-default-UEFI"
cookie="1652889010/86e0c8f0-c64b-462a-8561-63e6450eb48b"
inHierarchical="false">
</configResolveDn>

<configResolveDn
dn="org-root/boot-policy-default-UEFI"
cookie="1652889010/86e0c8f0-c64b-462a-8561-63e6450eb48b"
inHierarchical="false">
</configResolveDn>

<configResolveDn
dn="org-root/boot-policy-default-UEFI"
cookie="1652889010/86e0c8f0-c64b-462a-8561-63e6450eb48b"
inHierarchical="false">
</configResolveDn>

<configResolveDn
dn="org-root/boot-policy-default-UEFI"
cookie="1652889010/86e0c8f0-c64b-462a-8561-63e6450eb48b"
inHierarchical="false">
</configResolveDn>

<configResolveDn
dn="org-root/boot-policy-default-UEFI"
cookie="1652889010/86e0c8f0-c64b-462a-8561-63e6450eb48b"
inHierarchical="false">
</configResolveDn>

<configResolveDn
dn="org-root/boot-policy-default-UEFI"
cookie="1652889010/86e0c8f0-c64b-462a-8561-63e6450eb48b"
inHierarchical="false">
</configResolveDn>

<configResolveDn
dn="org-root/boot-policy-default-UEFI"
cookie="1652889010/86e0c8f0-c64b-462a-8561-63e6450eb48b"
inHierarchical="false">
</configResolveDn>

<configResolveDn
dn="org-root/boot-policy-default-UEFI"
cookie="1652889010/86e0c8f0-c64b-462a-8561-63e6450eb48b"
inHierarchical="false">
</configResolveDn>

<configResolveDn
dn="org-root/boot-policy-default-UEFI"
cookie="1652889010/86e0c8f0-c64b-462a-8561-63e6450eb48b"
inHierarchical="false">
</configResolveDn>

<configResolveDn
dn="org-root/boot-policy-default-UEFI"
cookie="1652889010/86e0c8f0-c64b-462a-8561-63e6450eb48b"
inHierarchical="false">
</configResolveDn>

<configResolveDn
dn="org-root/boot-policy-default-UEFI"
cookie="1652889010/86e0c8f0-c64b-462a-8561-63e6450eb48b"
inHierarchical="false">
</configResolveDn>

<configResolveDn
dn="org-root/boot-policy-default-UEFI"
cookie="1652889010/86e0c8f0-c64b-462a-8561-63e6450eb48b"
inHierarchical="false">
</configResolveDn>

<configResolveDn
dn="org-root/boot-policy-default-UEFI"
cookie="1652889010/86e0c8f0-c64b-462a-8561-63e6450eb48b"
inHierarchical="false">
</configResolveDn>

<configResolveDn
dn="org-root/boot-policy-default-UEFI"
cookie="1652889010/86e0c8f0-c64b-462a-8561-63e6450eb48b"
inHierarchical="false">
</configResolveDn>

<configEstimateImpact
cookie="1652889010/86e0c8f0-c64b-462a-8561-63e6450eb48b">
    <inConfigs>
<pair key="org-root/boot-policy-diag">
    <lsbootPolicy
    dn="org-root/boot-policy-diag"
    
    status="deleted"
    
    sacl="addchild,del,mod">
    </lsbootPolicy>
</pair>
    </inConfigs>
</configEstimateImpact>

<configConfMos
cookie="1652889010/86e0c8f0-c64b-462a-8561-63e6450eb48b"
inHierarchical="false">
    <inConfigs>
<pair key="org-root">
    <orgOrg
    name="root"
    dn="org-root"
    
    status="created,modified"
    
    sacl="addchild,del,mod">
        <lsbootPolicy
        
        rn="boot-policy-diag"
        status="deleted"
        
        sacl="addchild,del,mod">
        </lsbootPolicy>
    </orgOrg>
</pair>
    </inConfigs>
</configConfMos>

<configResolveDn
dn="org-root/boot-policy-diag"
cookie="1652889010/86e0c8f0-c64b-462a-8561-63e6450eb48b"
inHierarchical="false">
</configResolveDn>

<configResolveDn
dn="org-root/boot-policy-diag"
cookie="1652889010/86e0c8f0-c64b-462a-8561-63e6450eb48b"
inHierarchical="false">
</configResolveDn>

<configResolveDn
dn="org-root/boot-policy-diag"
cookie="1652889010/86e0c8f0-c64b-462a-8561-63e6450eb48b"
inHierarchical="false">
</configResolveDn>

<configResolveDn
dn="org-root/boot-policy-diag"
cookie="1652889010/86e0c8f0-c64b-462a-8561-63e6450eb48b"
inHierarchical="false">
</configResolveDn>

<configResolveDn
dn="org-root/boot-policy-diag"
cookie="1652889010/86e0c8f0-c64b-462a-8561-63e6450eb48b"
inHierarchical="false">
</configResolveDn>

<configResolveDn
dn="org-root/boot-policy-diag"
cookie="1652889010/86e0c8f0-c64b-462a-8561-63e6450eb48b"
inHierarchical="false">
</configResolveDn>

<configResolveDn
dn="org-root/boot-policy-diag"
cookie="1652889010/86e0c8f0-c64b-462a-8561-63e6450eb48b"
inHierarchical="false">
</configResolveDn>

<configResolveDn
dn="org-root/boot-policy-diag"
cookie="1652889010/86e0c8f0-c64b-462a-8561-63e6450eb48b"
inHierarchical="false">
</configResolveDn>

<configResolveDn
dn="org-root/boot-policy-diag"
cookie="1652889010/86e0c8f0-c64b-462a-8561-63e6450eb48b"
inHierarchical="false">
</configResolveDn>

<configResolveDn
dn="org-root/boot-policy-diag"
cookie="1652889010/86e0c8f0-c64b-462a-8561-63e6450eb48b"
inHierarchical="false">
</configResolveDn>

<configResolveDn
dn="org-root/boot-policy-diag"
cookie="1652889010/86e0c8f0-c64b-462a-8561-63e6450eb48b"
inHierarchical="false">
</configResolveDn>

<configResolveDn
dn="org-root/boot-policy-diag"
cookie="1652889010/86e0c8f0-c64b-462a-8561-63e6450eb48b"
inHierarchical="false">
</configResolveDn>

<configResolveDn
dn="org-root/boot-policy-diag"
cookie="1652889010/86e0c8f0-c64b-462a-8561-63e6450eb48b"
inHierarchical="false">
</configResolveDn>

<configResolveDn
dn="org-root/boot-policy-diag"
cookie="1652889010/86e0c8f0-c64b-462a-8561-63e6450eb48b"
inHierarchical="false">
</configResolveDn>

<configResolveDn
dn="org-root/boot-policy-diag"
cookie="1652889010/86e0c8f0-c64b-462a-8561-63e6450eb48b"
inHierarchical="false">
</configResolveDn>

<configResolveDn
dn="org-root/boot-policy-diag"
cookie="1652889010/86e0c8f0-c64b-462a-8561-63e6450eb48b"
inHierarchical="false">
</configResolveDn>

<configResolveDn
dn="org-root/boot-policy-diag"
cookie="1652889010/86e0c8f0-c64b-462a-8561-63e6450eb48b"
inHierarchical="false">
</configResolveDn>

<configResolveDn
dn="org-root/boot-policy-diag"
cookie="1652889010/86e0c8f0-c64b-462a-8561-63e6450eb48b"
inHierarchical="false">
</configResolveDn>

<configResolveDn
dn="org-root/boot-policy-diag"
cookie="1652889010/86e0c8f0-c64b-462a-8561-63e6450eb48b"
inHierarchical="false">
</configResolveDn>

<configResolveDn
dn="org-root/boot-policy-diag"
cookie="1652889010/86e0c8f0-c64b-462a-8561-63e6450eb48b"
inHierarchical="false">
</configResolveDn>

<configResolveDn
dn="org-root/boot-policy-diag"
cookie="1652889010/86e0c8f0-c64b-462a-8561-63e6450eb48b"
inHierarchical="false">
</configResolveDn>

<configResolveDn
dn="org-root/boot-policy-diag"
cookie="1652889010/86e0c8f0-c64b-462a-8561-63e6450eb48b"
inHierarchical="false">
</configResolveDn>

<configResolveDn
dn="org-root/boot-policy-diag"
cookie="1652889010/86e0c8f0-c64b-462a-8561-63e6450eb48b"
inHierarchical="false">
</configResolveDn>

<configResolveDn
dn="org-root/boot-policy-diag"
cookie="1652889010/86e0c8f0-c64b-462a-8561-63e6450eb48b"
inHierarchical="false">
</configResolveDn>

<configResolveDn
dn="org-root/boot-policy-diag"
cookie="1652889010/86e0c8f0-c64b-462a-8561-63e6450eb48b"
inHierarchical="false">
</configResolveDn>

<configResolveDn
dn="org-root/boot-policy-diag"
cookie="1652889010/86e0c8f0-c64b-462a-8561-63e6450eb48b"
inHierarchical="false">
</configResolveDn>

<configResolveDn
dn="org-root/boot-policy-diag"
cookie="1652889010/86e0c8f0-c64b-462a-8561-63e6450eb48b"
inHierarchical="false">
</configResolveDn>

<configResolveDn
dn="org-root/boot-policy-diag"
cookie="1652889010/86e0c8f0-c64b-462a-8561-63e6450eb48b"
inHierarchical="false">
</configResolveDn>

<configResolveDn
dn="org-root/boot-policy-diag"
cookie="1652889010/86e0c8f0-c64b-462a-8561-63e6450eb48b"
inHierarchical="false">
</configResolveDn>

<configResolveDn
dn="org-root/boot-policy-diag"
cookie="1652889010/86e0c8f0-c64b-462a-8561-63e6450eb48b"
inHierarchical="false">
</configResolveDn>

<configEstimateImpact
cookie="1652889010/86e0c8f0-c64b-462a-8561-63e6450eb48b">
    <inConfigs>
<pair key="org-root/boot-policy-utility">
    <lsbootPolicy
    dn="org-root/boot-policy-utility"
    
    status="deleted"
    
    sacl="addchild,del,mod">
    </lsbootPolicy>
</pair>
    </inConfigs>
</configEstimateImpact>

<configConfMos
cookie="1652889010/86e0c8f0-c64b-462a-8561-63e6450eb48b"
inHierarchical="false">
    <inConfigs>
<pair key="org-root">
    <orgOrg
    name="root"
    dn="org-root"
    
    status="created,modified"
    
    sacl="addchild,del,mod">
        <lsbootPolicy
        
        rn="boot-policy-utility"
        status="deleted"
        
        sacl="addchild,del,mod">
        </lsbootPolicy>
    </orgOrg>
</pair>
    </inConfigs>
</configConfMos>

<configResolveDn
dn="org-root/boot-policy-utility"
cookie="1652889010/86e0c8f0-c64b-462a-8561-63e6450eb48b"
inHierarchical="false">
</configResolveDn>

<configResolveDn
dn="org-root/boot-policy-utility"
cookie="1652889010/86e0c8f0-c64b-462a-8561-63e6450eb48b"
inHierarchical="false">
</configResolveDn>
-----------------------------------------------------]