[------------- Sending Request to Server ------------

<configEstimateImpact
cookie="1655236891/079f35be-a085-4f87-94c4-4f54edfdcb67">
    <inConfigs>
<pair key="org-root/compute-pool-default">
    <computePool
    dn="org-root/compute-pool-default"
    
    status="deleted"
    
    sacl="addchild,del,mod">
    </computePool>
</pair>
    </inConfigs>
</configEstimateImpact>

<configConfMos
cookie="1655236891/079f35be-a085-4f87-94c4-4f54edfdcb67"
inHierarchical="false">
    <inConfigs>
<pair key="org-root">
    <orgOrg
    name="root"
    dn="org-root"
    
    status="created,modified"
    
    sacl="addchild,del,mod">
        <computePool
        
        rn="compute-pool-default"
        status="deleted"
        
        sacl="addchild,del,mod">
        </computePool>
    </orgOrg>
</pair>
    </inConfigs>
</configConfMos>
-----------------------------------------------------]