[------------- Sending Request to Server ------------

<configEstimateImpact
cookie="1655240490/206a58b3-1609-4588-aeb5-88585c6adb16">
    <inConfigs>
<pair key="org-root/wwn-pool-node-default">
    <fcpoolInitiators
    dn="org-root/wwn-pool-node-default"
    
    status="deleted"
    
    sacl="addchild,del,mod">
    </fcpoolInitiators>
</pair>
    </inConfigs>
</configEstimateImpact>

<configConfMos
cookie="1655240490/206a58b3-1609-4588-aeb5-88585c6adb16"
inHierarchical="false">
    <inConfigs>
<pair key="org-root">
    <orgOrg
    name="root"
    dn="org-root"
    
    status="created,modified"
    
    sacl="addchild,del,mod">
        <fcpoolInitiators
        
        rn="wwn-pool-node-default"
        status="deleted"
        
        sacl="addchild,del,mod">
        </fcpoolInitiators>
    </orgOrg>
</pair>
    </inConfigs>
</configConfMos>

<configEstimateImpact
cookie="1655240490/206a58b3-1609-4588-aeb5-88585c6adb16">
    <inConfigs>
<pair key="org-root/wwn-pool-default">
    <fcpoolInitiators
    dn="org-root/wwn-pool-default"
    
    status="deleted"
    
    sacl="addchild,del,mod">
    </fcpoolInitiators>
</pair>
    </inConfigs>
</configEstimateImpact>

<configConfMos
cookie="1655240490/206a58b3-1609-4588-aeb5-88585c6adb16"
inHierarchical="false">
    <inConfigs>
<pair key="org-root">
    <orgOrg
    name="root"
    dn="org-root"
    
    status="created,modified"
    
    sacl="addchild,del,mod">
        <fcpoolInitiators
        
        rn="wwn-pool-default"
        status="deleted"
        
        sacl="addchild,del,mod">
        </fcpoolInitiators>
    </orgOrg>
</pair>
    </inConfigs>
</configConfMos>
-----------------------------------------------------]