[------------- Sending Request to Server ------------

<configResolveDn
dn="sys"
cookie="1662586279/c3a7f49d-d3d4-43bd-b5df-5653f6f7bb81"
inHierarchical="false">
</configResolveDn>

<configResolveDn
dn="sys"
cookie="1662586279/c3a7f49d-d3d4-43bd-b5df-5653f6f7bb81"
inHierarchical="false">
</configResolveDn>

<configResolveDn
dn="sys"
cookie="1662586279/c3a7f49d-d3d4-43bd-b5df-5653f6f7bb81"
inHierarchical="false">
</configResolveDn>

<configResolveDn
dn="sys/rack-unit-1/adaptor-1/mgmt/fw-system"
cookie="1662586279/c3a7f49d-d3d4-43bd-b5df-5653f6f7bb81"
inHierarchical="false">
</configResolveDn>

<configResolveDn
dn="sys/rack-unit-1/adaptor-1/mgmt/fw-boot-def/bootunit-combined"
cookie="1662586279/c3a7f49d-d3d4-43bd-b5df-5653f6f7bb81"
inHierarchical="false">
</configResolveDn>

<configResolveDn
dn="sys/rack-unit-1/adaptor-2/mgmt/fw-system"
cookie="1662586279/c3a7f49d-d3d4-43bd-b5df-5653f6f7bb81"
inHierarchical="false">
</configResolveDn>

<configResolveDn
dn="sys/rack-unit-1/adaptor-2/mgmt/fw-boot-def/bootunit-combined"
cookie="1662586279/c3a7f49d-d3d4-43bd-b5df-5653f6f7bb81"
inHierarchical="false">
</configResolveDn>

<configEstimateImpact
cookie="1662586279/c3a7f49d-d3d4-43bd-b5df-5653f6f7bb81">
    <inConfigs>
<pair key="sys/fw-catalogue/dnld-ucs-k9-bundle-b-series.4.2.1m.B.bin">
    <firmwareDownloader
    fileName="ucs-k9-bundle-b-series.4.2.1m.B.bin"
    protocol="local"
    server="local"
    dn="sys/fw-catalogue/dnld-ucs-k9-bundle-b-series.4.2.1m.B.bin"
    
    status="created"
    
    sacl="addchild,del,mod">
    </firmwareDownloader>
</pair>
    </inConfigs>
</configEstimateImpact>

<configConfMos
cookie="1662586279/c3a7f49d-d3d4-43bd-b5df-5653f6f7bb81"
inHierarchical="false">
    <inConfigs>
<pair key="sys/fw-catalogue/dnld-ucs-k9-bundle-b-series.4.2.1m.B.bin">
    <firmwareDownloader
    fileName="ucs-k9-bundle-b-series.4.2.1m.B.bin"
    protocol="local"
    server="local"
    dn="sys/fw-catalogue/dnld-ucs-k9-bundle-b-series.4.2.1m.B.bin"
    
    status="created"
    
    sacl="addchild,del,mod">
    </firmwareDownloader>
</pair>
    </inConfigs>
</configConfMos>
-----------------------------------------------------]