[------------- Sending Request to Server ------------

<configEstimateImpact
cookie="1652910563/f7b1bb7c-3fd4-4ab1-b34b-fcf409781a09">
    <inConfigs>
<pair key="org-root/scrub-dfg">
    <computeScrubPolicy
    dn="org-root/scrub-dfg"
    
    status="deleted,modified"
    
    sacl="addchild,del,mod">
    </computeScrubPolicy>
</pair>
    </inConfigs>
</configEstimateImpact>

<configConfMos
cookie="1652910563/f7b1bb7c-3fd4-4ab1-b34b-fcf409781a09"
inHierarchical="false">
    <inConfigs>
<pair key="org-root">
    <orgOrg
    name="root"
    dn="org-root"
    
    status="created,modified"
    
    sacl="addchild,del,mod">
        <computeScrubPolicy
        
        rn="scrub-dfg"
        status="deleted,modified"
        
        sacl="addchild,del,mod">
        </computeScrubPolicy>
    </orgOrg>
</pair>
    </inConfigs>
</configConfMos>

<configResolveDn
dn="sys"
cookie="1652910563/f7b1bb7c-3fd4-4ab1-b34b-fcf409781a09"
inHierarchical="false">
</configResolveDn>
-----------------------------------------------------]