[------------- Sending Request to Server ------------

<configEstimateImpact
cookie="1651702583/662ac739-6b0c-4ce6-8c29-7a4a789c0db0">
    <inConfigs>
<pair key="fabric/lan/net-group-DMZ-GUEST">
    <fabricNetGroup
    name="DMZ-GUEST"
    dn="fabric/lan/net-group-DMZ-GUEST"
    
    status="created,modified"
    
    sacl="addchild,del,mod">
        <fabricPooledVlan
        
        rn="net-INFOSEC-MGMT"
        status="deleted,modified"
        
        sacl="addchild,del,mod">
        </fabricPooledVlan>
    </fabricNetGroup>
</pair>
    </inConfigs>
</configEstimateImpact>

<configConfMos
cookie="1651702583/662ac739-6b0c-4ce6-8c29-7a4a789c0db0"
inHierarchical="false">
    <inConfigs>
<pair key="fabric/lan/net-group-DMZ-GUEST">
    <fabricNetGroup
    name="DMZ-GUEST"
    dn="fabric/lan/net-group-DMZ-GUEST"
    
    status="created,modified"
    
    sacl="addchild,del,mod">
        <fabricPooledVlan
        
        rn="net-INFOSEC-MGMT"
        status="deleted,modified"
        
        sacl="addchild,del,mod">
        </fabricPooledVlan>
    </fabricNetGroup>
</pair>
    </inConfigs>
</configConfMos>
-----------------------------------------------------]