[------------- Sending Request to Server ------------

<configEstimateImpact
cookie="1655235727/c6f65327-7ab5-4864-a4ee-e09414a3623e">
    <inConfigs>
<pair key="fabric/lan/classes/class-best-effort">
    <qosclassEthBE
    mtu="9216"
    dn="fabric/lan/classes/class-best-effort"
    
    status="created,modified"
    
    sacl="addchild,del,mod">
    </qosclassEthBE>
</pair>
    </inConfigs>
</configEstimateImpact>

<configConfMos
cookie="1655235727/c6f65327-7ab5-4864-a4ee-e09414a3623e"
inHierarchical="false">
    <inConfigs>
<pair key="fabric/lan/classes/class-best-effort">
    <qosclassEthBE
    mtu="9216"
    dn="fabric/lan/classes/class-best-effort"
    
    status="created,modified"
    
    sacl="addchild,del,mod">
    </qosclassEthBE>
</pair>
    </inConfigs>
</configConfMos>
-----------------------------------------------------]