[------------- Sending Request to Server ------------

<configEstimateImpact
cookie="1652810854/1413655b-e36f-4c6c-b6e9-c11322d0ad91">
    <inConfigs>
<pair key="sys/svc-ext/dns-svc">
    <commDns
    domain="powereng.com"
    dn="sys/svc-ext/dns-svc"
    
    status="created,modified"
    
    sacl="addchild,del,mod">
    </commDns>
</pair>
<pair key="sys">
    <topSystem
    descr="Lab UCS Platform Emulator1"
    owner="Infrastructure1"
    site="ucsPE1"
    dn="sys"
    
    status="created,modified"
    
    sacl="addchild,del,mod">
    </topSystem>
</pair>
    </inConfigs>
</configEstimateImpact>

<configConfMos
cookie="1652810854/1413655b-e36f-4c6c-b6e9-c11322d0ad91"
inHierarchical="false">
    <inConfigs>
<pair key="sys/svc-ext/dns-svc">
    <commDns
    domain="powereng.com"
    dn="sys/svc-ext/dns-svc"
    
    status="created,modified"
    
    sacl="addchild,del,mod">
    </commDns>
</pair>
<pair key="sys">
    <topSystem
    descr="Lab UCS Platform Emulator1"
    owner="Infrastructure1"
    site="ucsPE1"
    dn="sys"
    
    status="created,modified"
    
    sacl="addchild,del,mod">
    </topSystem>
</pair>
    </inConfigs>
</configConfMos>

<configEstimateImpact
cookie="1652810854/1413655b-e36f-4c6c-b6e9-c11322d0ad91">
    <inConfigs>
<pair key="sys/extmgmt-intf-monitor-policy">
    <extmgmtIfMonPolicy
    adminState="disabled"
    dn="sys/extmgmt-intf-monitor-policy"
    
    status="created,modified"
    
    sacl="addchild,del,mod">
    </extmgmtIfMonPolicy>
</pair>
    </inConfigs>
</configEstimateImpact>

<configConfMos
cookie="1652810854/1413655b-e36f-4c6c-b6e9-c11322d0ad91"
inHierarchical="false">
    <inConfigs>
<pair key="sys/extmgmt-intf-monitor-policy">
    <extmgmtIfMonPolicy
    adminState="disabled"
    dn="sys/extmgmt-intf-monitor-policy"
    
    status="created,modified"
    
    sacl="addchild,del,mod">
    </extmgmtIfMonPolicy>
</pair>
    </inConfigs>
</configConfMos>

<configResolveDn
dn="sys"
cookie="1652810854/1413655b-e36f-4c6c-b6e9-c11322d0ad91"
inHierarchical="false">
</configResolveDn>

<aaaTokenRefresh
cookie="1652810854/1413655b-e36f-4c6c-b6e9-c11322d0ad91"
inName="ucspe"
inCookie="1652810854/1413655b-e36f-4c6c-b6e9-c11322d0ad91">
</aaaTokenRefresh>

<configEstimateImpact
cookie="1652811454/2032f2bf-5a1a-4637-97b7-20f203d43056">
    <inConfigs>
<pair key="sys/svc-ext/dns-svc/dns-10.86.3.10">
    <commDnsProvider
    name="10.86.3.10"
    dn="sys/svc-ext/dns-svc/dns-10.86.3.10"
    
    status="created"
    
    sacl="addchild,del,mod">
    </commDnsProvider>
</pair>
    </inConfigs>
</configEstimateImpact>

<configConfMos
cookie="1652811454/2032f2bf-5a1a-4637-97b7-20f203d43056"
inHierarchical="false">
    <inConfigs>
<pair key="sys/svc-ext/dns-svc/dns-10.86.3.10">
    <commDnsProvider
    name="10.86.3.10"
    dn="sys/svc-ext/dns-svc/dns-10.86.3.10"
    
    status="created"
    
    sacl="addchild,del,mod">
    </commDnsProvider>
</pair>
    </inConfigs>
</configConfMos>

<configResolveDn
dn="sys"
cookie="1652811454/2032f2bf-5a1a-4637-97b7-20f203d43056"
inHierarchical="false">
</configResolveDn>

<configEstimateImpact
cookie="1652811454/2032f2bf-5a1a-4637-97b7-20f203d43056">
    <inConfigs>
<pair key="sys/svc-ext/dns-svc/dns-10.247.3.10">
    <commDnsProvider
    name="10.247.3.10"
    dn="sys/svc-ext/dns-svc/dns-10.247.3.10"
    
    status="created"
    
    sacl="addchild,del,mod">
    </commDnsProvider>
</pair>
    </inConfigs>
</configEstimateImpact>

<configConfMos
cookie="1652811454/2032f2bf-5a1a-4637-97b7-20f203d43056"
inHierarchical="false">
    <inConfigs>
<pair key="sys/svc-ext/dns-svc/dns-10.247.3.10">
    <commDnsProvider
    name="10.247.3.10"
    dn="sys/svc-ext/dns-svc/dns-10.247.3.10"
    
    status="created"
    
    sacl="addchild,del,mod">
    </commDnsProvider>
</pair>
    </inConfigs>
</configConfMos>

<configResolveClass
cookie="1652811454/2032f2bf-5a1a-4637-97b7-20f203d43056"
classId="commDateTime"
inHierarchical="false">
    <inFilter>
<eq class="commDateTime" property="dn" value="sys/svc-ext/datetime-svc"/>
    </inFilter>
</configResolveClass>

<configResolveChildren
cookie="1652811454/2032f2bf-5a1a-4637-97b7-20f203d43056"
classId="commNtpProvider"
inDn="sys/svc-ext/datetime-svc"
inHierarchical="false">
    <inFilter>
    </inFilter>
</configResolveChildren>

<configResolveDn
dn="sys"
cookie="1652811454/2032f2bf-5a1a-4637-97b7-20f203d43056"
inHierarchical="false">
</configResolveDn>

<configEstimateImpact
cookie="1652811454/2032f2bf-5a1a-4637-97b7-20f203d43056">
    <inConfigs>
<pair key="sys/svc-ext/datetime-svc/ntp-10.245.3.10">
    <commNtpProvider
    name="10.245.3.10"
    dn="sys/svc-ext/datetime-svc/ntp-10.245.3.10"
    
    status="created"
    
    sacl="addchild,del,mod">
    </commNtpProvider>
</pair>
    </inConfigs>
</configEstimateImpact>

<configConfMos
cookie="1652811454/2032f2bf-5a1a-4637-97b7-20f203d43056"
inHierarchical="false">
    <inConfigs>
<pair key="sys/svc-ext/datetime-svc/ntp-10.245.3.10">
    <commNtpProvider
    name="10.245.3.10"
    dn="sys/svc-ext/datetime-svc/ntp-10.245.3.10"
    
    status="created"
    
    sacl="addchild,del,mod">
    </commNtpProvider>
</pair>
    </inConfigs>
</configConfMos>

<configResolveDn
dn="NTP Server 10.245.3.10"
cookie="1652811454/2032f2bf-5a1a-4637-97b7-20f203d43056"
inHierarchical="false">
</configResolveDn>

<configEstimateImpact
cookie="1652811454/2032f2bf-5a1a-4637-97b7-20f203d43056">
    <inConfigs>
<pair key="sys/svc-ext/datetime-svc/ntp-10.245.3.10">
    <commNtpProvider
    dn="sys/svc-ext/datetime-svc/ntp-10.245.3.10"
    
    status="deleted,modified"
    
    sacl="addchild,del,mod">
    </commNtpProvider>
</pair>
    </inConfigs>
</configEstimateImpact>

<configConfMos
cookie="1652811454/2032f2bf-5a1a-4637-97b7-20f203d43056"
inHierarchical="false">
    <inConfigs>
<pair key="sys/svc-ext/datetime-svc">
    <commDateTime
    dn="sys/svc-ext/datetime-svc"
    
    status="created,modified"
    
    sacl="addchild,del,mod">
        <commNtpProvider
        
        rn="ntp-10.245.3.10"
        status="deleted,modified"
        
        sacl="addchild,del,mod">
        </commNtpProvider>
    </commDateTime>
</pair>
    </inConfigs>
</configConfMos>

<configEstimateImpact
cookie="1652811454/2032f2bf-5a1a-4637-97b7-20f203d43056">
    <inConfigs>
<pair key="sys/svc-ext/datetime-svc/ntp-ntp1.powereng.com">
    <commNtpProvider
    name="ntp1.powereng.com"
    dn="sys/svc-ext/datetime-svc/ntp-ntp1.powereng.com"
    
    status="created"
    
    sacl="addchild,del,mod">
    </commNtpProvider>
</pair>
    </inConfigs>
</configEstimateImpact>

<configConfMos
cookie="1652811454/2032f2bf-5a1a-4637-97b7-20f203d43056"
inHierarchical="false">
    <inConfigs>
<pair key="sys/svc-ext/datetime-svc/ntp-ntp1.powereng.com">
    <commNtpProvider
    name="ntp1.powereng.com"
    dn="sys/svc-ext/datetime-svc/ntp-ntp1.powereng.com"
    
    status="created"
    
    sacl="addchild,del,mod">
    </commNtpProvider>
</pair>
    </inConfigs>
</configConfMos>

<configEstimateImpact
cookie="1652811454/2032f2bf-5a1a-4637-97b7-20f203d43056">
    <inConfigs>
<pair key="sys/svc-ext/datetime-svc/ntp-ntp2.powereng.com">
    <commNtpProvider
    name="ntp2.powereng.com"
    dn="sys/svc-ext/datetime-svc/ntp-ntp2.powereng.com"
    
    status="created"
    
    sacl="addchild,del,mod">
    </commNtpProvider>
</pair>
    </inConfigs>
</configEstimateImpact>

<configConfMos
cookie="1652811454/2032f2bf-5a1a-4637-97b7-20f203d43056"
inHierarchical="false">
    <inConfigs>
<pair key="sys/svc-ext/datetime-svc/ntp-ntp2.powereng.com">
    <commNtpProvider
    name="ntp2.powereng.com"
    dn="sys/svc-ext/datetime-svc/ntp-ntp2.powereng.com"
    
    status="created"
    
    sacl="addchild,del,mod">
    </commNtpProvider>
</pair>
    </inConfigs>
</configConfMos>

<configResolveDn
dn="sys"
cookie="1652811454/2032f2bf-5a1a-4637-97b7-20f203d43056"
inHierarchical="false">
</configResolveDn>

<configEstimateImpact
cookie="1652811454/2032f2bf-5a1a-4637-97b7-20f203d43056">
    <inConfigs>
<pair key="sys/svc-ext/datetime-svc">
    <commDateTime
    timezone="America/Boise (Mountain Time - south Idaho &amp; east Oregon)"
    dn="sys/svc-ext/datetime-svc"
    
    status="created,modified"
    
    sacl="addchild,del,mod">
    </commDateTime>
</pair>
    </inConfigs>
</configEstimateImpact>

<configConfMos
cookie="1652811454/2032f2bf-5a1a-4637-97b7-20f203d43056"
inHierarchical="false">
    <inConfigs>
<pair key="sys/svc-ext/datetime-svc">
    <commDateTime
    timezone="America/Boise (Mountain Time - south Idaho &amp; east Oregon)"
    dn="sys/svc-ext/datetime-svc"
    
    status="created,modified"
    
    sacl="addchild,del,mod">
    </commDateTime>
</pair>
    </inConfigs>
</configConfMos>

<configResolveDn
dn="org-root/comm-pol-system/datetime-svc"
cookie="1652811454/2032f2bf-5a1a-4637-97b7-20f203d43056"
inHierarchical="false">
</configResolveDn>

<configResolveDn
dn="sys"
cookie="1652811454/2032f2bf-5a1a-4637-97b7-20f203d43056"
inHierarchical="false">
</configResolveDn>
-----------------------------------------------------]