[------------- Sending Request to Server ------------

<configEstimateImpact
cookie="1677710832/6bd6c341-e2d3-4ecc-b0a9-a0316ac28f42">
    <inConfigs>
<pair key="sys/chassis-1/blade-3">
    <computeBlade
    name="DA11-ESC-C1-B3"
    slotId="3"
    usrLbl="DA11-ESC-C1-B3"
    dn="sys/chassis-1/blade-3"
    
    status="created,modified"
    
    sacl="addchild,del,mod">
    </computeBlade>
</pair>
    </inConfigs>
</configEstimateImpact>

<configConfMos
cookie="1677710832/6bd6c341-e2d3-4ecc-b0a9-a0316ac28f42"
inHierarchical="false">
    <inConfigs>
<pair key="sys/chassis-1/blade-3">
    <computeBlade
    name="DA11-ESC-C1-B3"
    slotId="3"
    usrLbl="DA11-ESC-C1-B3"
    dn="sys/chassis-1/blade-3"
    
    status="created,modified"
    
    sacl="addchild,del,mod">
    </computeBlade>
</pair>
    </inConfigs>
</configConfMos>

<aaaCheckComputeExtAccess
cookie="1677710832/6bd6c341-e2d3-4ecc-b0a9-a0316ac28f42"
inDn="sys/chassis-1/blade-1"
inUser="admin">
</aaaCheckComputeExtAccess>

<aaaCheckComputeExtAccess
cookie="1677710832/6bd6c341-e2d3-4ecc-b0a9-a0316ac28f42"
inDn="sys/chassis-1/blade-1"
inUser="admin">
</aaaCheckComputeExtAccess>

<aaaCheckComputeExtAccess
cookie="1677710832/6bd6c341-e2d3-4ecc-b0a9-a0316ac28f42"
inDn="sys/chassis-1/blade-1"
inUser="admin">
</aaaCheckComputeExtAccess>

<aaaCheckComputeExtAccess
cookie="1677710832/6bd6c341-e2d3-4ecc-b0a9-a0316ac28f42"
inDn="sys/chassis-1/blade-1"
inUser="admin">
</aaaCheckComputeExtAccess>
-----------------------------------------------------]