[------------- Sending Request to Server ------------

<configEstimateImpact
cookie="1658519296/b0b6fd72-ed00-482f-8cb2-0a101a6ad51b">
    <inConfigs>
<pair key="org-root/ls-CDC-ESX-C2-B1">
    <lsServer
    descr="CDC-ESX-C2-B1"
    name="CDC-ESX-C2-B1"
    usrLbl="CDC-ESX-C2-B1"
    dn="org-root/ls-CDC-ESX-C2-B1"
    
    status="created,modified"
    
    sacl="addchild,del,mod">
        <lsServerExtension
        assetTag="48769"
        
        rn="extension"
        status="created,modified"
        
        sacl="addchild,del,mod">
        </lsServerExtension>
    </lsServer>
</pair>
<pair key="org-root/ls-CDC-ESX-C2-B1/extension">
    <lsServerExtension
    assetTag="48769"
    dn="org-root/ls-CDC-ESX-C2-B1/extension"
    
    status="created,modified"
    
    sacl="addchild,del,mod">
    </lsServerExtension>
</pair>
    </inConfigs>
</configEstimateImpact>

<configConfMos
cookie="1658519296/b0b6fd72-ed00-482f-8cb2-0a101a6ad51b"
inHierarchical="false">
    <inConfigs>
<pair key="org-root/ls-CDC-ESX-C2-B1">
    <lsServer
    descr="CDC-ESX-C2-B1"
    name="CDC-ESX-C2-B1"
    usrLbl="CDC-ESX-C2-B1"
    dn="org-root/ls-CDC-ESX-C2-B1"
    
    status="created,modified"
    
    sacl="addchild,del,mod">
        <lsServerExtension
        assetTag="48769"
        
        rn="extension"
        status="created,modified"
        
        sacl="addchild,del,mod">
        </lsServerExtension>
    </lsServer>
</pair>
    </inConfigs>
</configConfMos>
-----------------------------------------------------]