[------------- Sending Request to Server ------------

<configEstimateImpact
cookie="1652812054/846baf5e-b23a-47a4-b547-55632d466ab3">
    <inConfigs>
<pair key="sys">
    <topSystem
    name="ucsPE"
    dn="sys"
    
    status="created,modified"
    
    sacl="addchild,del,mod">
    </topSystem>
</pair>
    </inConfigs>
</configEstimateImpact>

<configConfMos
cookie="1652812054/846baf5e-b23a-47a4-b547-55632d466ab3"
inHierarchical="false">
    <inConfigs>
<pair key="sys">
    <topSystem
    name="ucsPE"
    dn="sys"
    
    status="created,modified"
    
    sacl="addchild,del,mod">
    </topSystem>
</pair>
    </inConfigs>
</configConfMos>
-----------------------------------------------------]