[------------- Sending Request to Server ------------

<configResolveDn
dn="sys"
cookie="1663084338/732c22ac-a629-48f0-a72d-3114e7a2856c"
inHierarchical="false">
</configResolveDn>

<configResolveDn
dn="sys"
cookie="1663084338/732c22ac-a629-48f0-a72d-3114e7a2856c"
inHierarchical="false">
</configResolveDn>

<configResolveDn
dn="sys"
cookie="1663084338/732c22ac-a629-48f0-a72d-3114e7a2856c"
inHierarchical="false">
</configResolveDn>

<configResolveDn
dn="sys"
cookie="1663084338/732c22ac-a629-48f0-a72d-3114e7a2856c"
inHierarchical="false">
</configResolveDn>

<configEstimateImpact
cookie="1663084338/732c22ac-a629-48f0-a72d-3114e7a2856c">
    <inConfigs>
<pair key="sys/fw-catalogue/dnld-ucs-mini-k9-bundle-infra.4.2.1m.A.bin">
    <firmwareDownloader
    fileName="ucs-mini-k9-bundle-infra.4.2.1m.A.bin"
    protocol="local"
    server="local"
    dn="sys/fw-catalogue/dnld-ucs-mini-k9-bundle-infra.4.2.1m.A.bin"
    
    status="created"
    
    sacl="addchild,del,mod">
    </firmwareDownloader>
</pair>
    </inConfigs>
</configEstimateImpact>

<configConfMos
cookie="1663084338/732c22ac-a629-48f0-a72d-3114e7a2856c"
inHierarchical="false">
    <inConfigs>
<pair key="sys/fw-catalogue/dnld-ucs-mini-k9-bundle-infra.4.2.1m.A.bin">
    <firmwareDownloader
    fileName="ucs-mini-k9-bundle-infra.4.2.1m.A.bin"
    protocol="local"
    server="local"
    dn="sys/fw-catalogue/dnld-ucs-mini-k9-bundle-infra.4.2.1m.A.bin"
    
    status="created"
    
    sacl="addchild,del,mod">
    </firmwareDownloader>
</pair>
    </inConfigs>
</configConfMos>
-----------------------------------------------------]