20201020 142338.015: INFO: Initialized...
20201020 142338.925: INFO: Successfully connected to IPAM database.
20201020 142338.927: INFO: MySQLDBConnection class loaded.
20201020 142338.940: INFO: EVDatapoint class loaded.
20201020 142556.026: INFO: Successfully connected to xClarity server: xclarity.powereng.com
20201020 142631.849: INFO: Successfully retrieved xClarity data.
20201020 142725.629: INFO: Connected to vCenter server: tdcprdvctr1.powereng.com
20201020 143249.025: INFO: Connected to vCenter server: tdcprdvctr1.powereng.com
20201020 143255.122: WARNING: ESXi host arb-esx02.powereng.com is not a Cisco or Lenovo host.
20201020 143257.217: WARNING: ESXi host atlesx01.powereng.com is not a Cisco or Lenovo host.
20201020 143257.841: WARNING: ESXi host atlesx02.powereng.com is not a Cisco or Lenovo host.
20201020 143259.347: WARNING: ESXi host bdcd-esx01.powereng.com is not a Cisco or Lenovo host.
20201020 143300.006: WARNING: ESXi host bdcd-esx02.powereng.com is not a Cisco or Lenovo host.
20201020 143300.724: WARNING: ESXi host bdcd-esx03.powereng.com is not a Cisco or Lenovo host.
20201020 143301.342: WARNING: ESXi host bdcd-esx04.powereng.com is not a Cisco or Lenovo host.
20201020 143301.940: WARNING: ESXi host bdcd-esx05.powereng.com is not a Cisco or Lenovo host.
20201020 143308.351: WARNING: ESXi host boiesx01.powereng.com is not a Cisco or Lenovo host.
20201020 143308.934: WARNING: ESXi host boiesx02.powereng.com is not a Cisco or Lenovo host.
20201020 143309.508: WARNING: ESXi host boi-esxai01.powereng.com is not a Cisco or Lenovo host.
20201020 143318.642: WARNING: ESXi host cinprdesx1.powereng.com is not a Cisco or Lenovo host.
20201020 143327.487: WARNING: ESXi host ftwesx01.powereng.com is not a Cisco or Lenovo host.
20201020 143328.073: WARNING: ESXi host ftwesx02.powereng.com is not a Cisco or Lenovo host.
20201020 143328.677: WARNING: ESXi host hlyesx01.powereng.com is not a Cisco or Lenovo host.
20201020 143329.274: WARNING: ESXi host hlyesx02.powereng.com is not a Cisco or Lenovo host.
20201020 143331.095: WARNING: ESXi host msn-esx02.powereng.com is not a Cisco or Lenovo host.
20201020 143338.052: WARNING: ESXi host syr-esx02.powereng.com is not a Cisco or Lenovo host.
20201020 143338.638: WARNING: ESXi host van-esx02.powereng.com is not a Cisco or Lenovo host.
20201020 145532.382: INFO: Successfully connected to xClarity server: xclarity.powereng.com
20201020 145606.602: INFO: Successfully retrieved xClarity data.
20201020 145754.215: WARNING: ESXi host arb-esx02.powereng.com is not a Cisco or Lenovo host.
20201020 145837.759: WARNING: ESXi host boi-esxai01.powereng.com is not a Cisco or Lenovo host.
20201020 145933.340: WARNING: ESXi host msn-esx02.powereng.com is not a Cisco or Lenovo host.
20201020 145955.134: WARNING: ESXi host syr-esx02.powereng.com is not a Cisco or Lenovo host.
20201020 145958.646: WARNING: ESXi host van-esx02.powereng.com is not a Cisco or Lenovo host.
20201020 150513.343: WARNING: ESXi host arb-esx02.powereng.com is not a Cisco or Lenovo host.
20201020 150516.689: WARNING: ESXi host boi-esxai01.powereng.com is not a Cisco or Lenovo host.
20201020 150521.705: WARNING: ESXi host msn-esx02.powereng.com is not a Cisco or Lenovo host.
20201020 150523.473: WARNING: ESXi host syr-esx02.powereng.com is not a Cisco or Lenovo host.
20201020 150523.636: WARNING: ESXi host van-esx02.powereng.com is not a Cisco or Lenovo host.
