20201019 144047.537: INFO: Initialized...
20201019 152031.609: INFO: Successfully connected to xClarity server: xclarity.powereng.com
20201019 152104.886: INFO: Successfully retrieved xClarity data.
20201019 153036.523: INFO: Successfully connected to xClarity server: xclarity.powereng.com
20201019 153109.585: INFO: Successfully retrieved xClarity data.
20201019 160502.311: ERROR: Exception: Failed to retrieve information from vCenter server: tdcprdvctr1.powereng.com
20201019 160611.707: INFO: Connected to vCenter server: tdcprdvctr1.powereng.com
20201019 160615.526: ERROR: Exception: Failed to retrieve information from vCenter server: tdcprdvctr1.powereng.com
20201019 161018.002: INFO: Connected to vCenter server: tdcprdvctr1.powereng.com
20201019 161021.235: INFO: Updated  with OS: 
20201019 161021.864: INFO: Updated  with OS: 
20201019 161022.362: INFO: Updated  with OS: 
20201019 161022.767: WARNING: ESXi host arb-esx02.powereng.com is not a Cisco or Lenovo host.
20201019 161023.179: INFO: Updated  with OS: 
20201019 161023.571: INFO: Updated  with OS: 
20201019 161023.915: WARNING: ESXi host atlesx01.powereng.com is not a Cisco or Lenovo host.
20201019 161024.244: WARNING: ESXi host atlesx02.powereng.com is not a Cisco or Lenovo host.
20201019 161024.556: INFO: Updated  with OS: 
20201019 161024.846: WARNING: ESXi host bdcd-esx01.powereng.com is not a Cisco or Lenovo host.
20201019 161025.134: WARNING: ESXi host bdcd-esx02.powereng.com is not a Cisco or Lenovo host.
20201019 161025.417: WARNING: ESXi host bdcd-esx03.powereng.com is not a Cisco or Lenovo host.
20201019 161025.684: WARNING: ESXi host bdcd-esx04.powereng.com is not a Cisco or Lenovo host.
20201019 161025.966: WARNING: ESXi host bdcd-esx05.powereng.com is not a Cisco or Lenovo host.
20201019 161026.287: INFO: Updated  with OS: 
20201019 161026.576: INFO: Updated  with OS: 
20201019 161026.858: INFO: Updated  with OS: 
20201019 161027.164: INFO: Updated  with OS: 
20201019 161027.440: INFO: Updated  with OS: 
20201019 161027.743: INFO: Updated  with OS: 
20201019 161028.014: INFO: Updated  with OS: 
20201019 161028.288: INFO: Updated  with OS: 
20201019 161028.562: INFO: Updated  with OS: 
20201019 161028.829: INFO: Updated  with OS: 
20201019 161029.124: WARNING: ESXi host boiesx01.powereng.com is not a Cisco or Lenovo host.
20201019 161029.399: WARNING: ESXi host boiesx02.powereng.com is not a Cisco or Lenovo host.
20201019 161029.675: WARNING: ESXi host boi-esxai01.powereng.com is not a Cisco or Lenovo host.
20201019 161029.949: INFO: Updated  with OS: 
20201019 161030.261: INFO: Updated BOI-ESXVCAD02 with OS: VMware ESXi 6.5.0
20201019 161030.526: INFO: Updated  with OS: 
20201019 161030.812: INFO: Updated  with OS: 
20201019 161031.077: INFO: Updated  with OS: 
20201019 161031.338: INFO: Updated  with OS: 
20201019 161031.647: INFO: Updated  with OS: 
20201019 161031.907: INFO: Updated CDC-ESX-C1-B1 with OS: VMware ESXi 6.5.0
20201019 161032.164: INFO: Updated CDC-ESX-C1-B2 with OS: VMware ESXi 6.5.0
20201019 161032.416: INFO: Updated CDC-ESX-C1-B3 with OS: VMware ESXi 6.5.0
20201019 161032.684: INFO: Updated CDC-ESXVCAD01 with OS: VMware ESXi 6.5.0
20201019 161032.954: INFO: Updated CDC-ESXVCAD02 with OS: VMware ESXi 6.5.0
20201019 161033.225: INFO: Updated  with OS: 
20201019 161033.492: INFO: Updated  with OS: 
20201019 161033.751: INFO: Updated  with OS: 
20201019 161034.013: WARNING: ESXi host cinprdesx1.powereng.com is not a Cisco or Lenovo host.
20201019 161034.273: INFO: Updated  with OS: 
20201019 161034.525: INFO: Updated DDC-UCS01 with OS: VMware ESXi 6.5.0
20201019 161034.780: INFO: Updated DDC-UCS01 with OS: VMware ESXi 6.5.0
20201019 161035.023: INFO: Updated DDC-UCS01 with OS: VMware ESXi 6.5.0
20201019 161035.276: INFO: Updated DDC-UCS01 with OS: VMware ESXi 6.5.0
20201019 161035.674: INFO: Updated DDC-UCS01 with OS: VMware ESXi 6.5.0
20201019 161035.979: INFO: Updated DDC-ESXVCAD01 with OS: VMware ESXi 6.5.0
20201019 161036.263: INFO: Updated DDC-ESXVCAD02 with OS: VMware ESXi 6.5.0
20201019 161036.511: INFO: Updated  with OS: 
20201019 161036.769: INFO: Updated  with OS: 
20201019 161037.013: INFO: Updated  with OS: 
20201019 161037.279: INFO: Updated  with OS: 
20201019 161037.531: INFO: Updated  with OS: 
20201019 161037.794: INFO: Updated  with OS: 
20201019 161038.048: WARNING: ESXi host ftwesx01.powereng.com is not a Cisco or Lenovo host.
20201019 161038.313: WARNING: ESXi host ftwesx02.powereng.com is not a Cisco or Lenovo host.
20201019 161038.572: WARNING: ESXi host hlyesx01.powereng.com is not a Cisco or Lenovo host.
20201019 161038.842: WARNING: ESXi host hlyesx02.powereng.com is not a Cisco or Lenovo host.
20201019 161039.087: INFO: Updated  with OS: 
20201019 161039.411: INFO: Updated  with OS: 
20201019 161039.645: WARNING: ESXi host msn-esx02.powereng.com is not a Cisco or Lenovo host.
20201019 161039.926: INFO: Updated  with OS: 
20201019 161040.204: INFO: Updated  with OS: 
20201019 161040.478: INFO: Updated  with OS: 
20201019 161040.778: INFO: Updated  with OS: 
20201019 161041.049: INFO: Updated  with OS: 
20201019 161041.317: INFO: Updated  with OS: 
20201019 161041.595: INFO: Updated  with OS: 
20201019 161041.869: INFO: Updated  with OS: 
20201019 161042.145: INFO: Updated  with OS: 
20201019 161042.423: INFO: Updated  with OS: 
20201019 161042.705: INFO: Updated  with OS: 
20201019 161042.942: WARNING: ESXi host syr-esx02.powereng.com is not a Cisco or Lenovo host.
20201019 161043.182: WARNING: ESXi host van-esx02.powereng.com is not a Cisco or Lenovo host.
20201019 161118.925: INFO: Connected to vCenter server: tdcprdvctr1.powereng.com
20201019 161121.493: INFO: Updated ADC-ESX01-RSM with OS: VMware ESXi 6.5.0
20201019 161121.752: INFO: Updated ADC-ESX02-RSM with OS: VMware ESXi 6.5.0
20201019 161122.015: INFO: Updated APL-ESX01-RSM with OS: VMware ESXi 6.5.0
20201019 161122.258: WARNING: ESXi host arb-esx02.powereng.com is not a Cisco or Lenovo host.
20201019 161122.539: INFO: Updated AST-ESX01-RSM with OS: VMware ESXi 6.5.0
20201019 161122.814: INFO: Updated AST-ESX02 with OS: VMware ESXi 6.5.0
20201019 161123.115: WARNING: ESXi host atlesx01.powereng.com is not a Cisco or Lenovo host.
20201019 161123.396: WARNING: ESXi host atlesx02.powereng.com is not a Cisco or Lenovo host.
20201019 161123.665: INFO: Updated AUS-ESX01-RSM with OS: VMware ESXi 6.5.0
20201019 161123.952: WARNING: ESXi host bdcd-esx01.powereng.com is not a Cisco or Lenovo host.
20201019 161124.242: WARNING: ESXi host bdcd-esx02.powereng.com is not a Cisco or Lenovo host.
20201019 161124.522: WARNING: ESXi host bdcd-esx03.powereng.com is not a Cisco or Lenovo host.
20201019 161124.804: WARNING: ESXi host bdcd-esx04.powereng.com is not a Cisco or Lenovo host.
20201019 161125.088: WARNING: ESXi host bdcd-esx05.powereng.com is not a Cisco or Lenovo host.
20201019 161125.377: INFO: Updated BDCD-GISESX01-RSM with OS: VMware ESXi 6.5.0
20201019 161125.669: INFO: Updated BDCD-GISESX02-RSM with OS: VMware ESXi 6.5.0
20201019 161125.947: INFO: Updated BDC-ESX01-RSM with OS: VMware ESXi 6.5.0
20201019 161126.229: INFO: Updated BDC-ESX02-RSM with OS: VMware ESXi 6.5.0
20201019 161126.506: INFO: Updated BDC-ESX03-RSM with OS: VMware ESXi 6.5.0
20201019 161126.770: INFO: Updated BDC-ESX04-RSM with OS: VMware ESXi 6.5.0
20201019 161127.035: INFO: Updated BDC-ESX05-RSM with OS: VMware ESXi 6.5.0
20201019 161127.311: INFO: Updated BDCZ-ESX01-RSM with OS: VMware ESXi 6.5.0
20201019 161127.579: INFO: Updated BDCZ-ESX02-RSM with OS: VMware ESXi 6.5.0
20201019 161127.841: INFO: Updated BIL-ESX01-RSM with OS: VMware ESXi 6.5.0
20201019 161128.122: WARNING: ESXi host boiesx01.powereng.com is not a Cisco or Lenovo host.
20201019 161128.396: WARNING: ESXi host boiesx02.powereng.com is not a Cisco or Lenovo host.
20201019 161128.628: WARNING: ESXi host boi-esxai01.powereng.com is not a Cisco or Lenovo host.
20201019 161128.901: INFO: Updated BOI-ESXVCAD01-RSM with OS: VMware ESXi 6.5.0
20201019 161129.169: INFO: Updated BOI-ESXVCAD02 with OS: VMware ESXi 6.5.0
20201019 161129.448: INFO: Updated BOIZ-ESX01 with OS: VMware ESXi 6.5.0
20201019 161129.716: INFO: Updated BOIZ-ESX02 with OS: VMware ESXi 6.5.0
20201019 161129.995: INFO: Updated CDC-ESX01-RSM with OS: VMware ESXi 6.5.0
20201019 161130.264: INFO: Updated CDC-ESX02-RSM with OS: VMware ESXi 6.5.0
20201019 161130.540: INFO: Updated CDC-ESX03-RSM with OS: VMware ESXi 6.5.0
20201019 161130.797: INFO: Updated CDC-ESX-C1-B1 with OS: VMware ESXi 6.5.0
20201019 161131.054: INFO: Updated CDC-ESX-C1-B2 with OS: VMware ESXi 6.5.0
20201019 161131.330: INFO: Updated CDC-ESX-C1-B3 with OS: VMware ESXi 6.5.0
20201019 161131.602: INFO: Updated CDC-ESXVCAD01 with OS: VMware ESXi 6.5.0
20201019 161131.863: INFO: Updated CDC-ESXVCAD02 with OS: VMware ESXi 6.5.0
20201019 161132.142: INFO: Updated CDC-VDI01-RSM with OS: VMware ESXi 6.5.0
20201019 161132.409: INFO: Updated CDCZ-ESX01-RSM with OS: VMware ESXi 6.5.0
20201019 161132.688: INFO: Updated CDCZ-ESX02-RSM with OS: VMware ESXi 6.5.0
20201019 161132.959: WARNING: ESXi host cinprdesx1.powereng.com is not a Cisco or Lenovo host.
20201019 161133.232: INFO: Updated CLK-ESX01-RSM with OS: VMware ESXi 6.5.0
20201019 161133.506: INFO: Updated DDC-UCS01 with OS: VMware ESXi 6.5.0
20201019 161133.770: INFO: Updated DDC-UCS01 with OS: VMware ESXi 6.5.0
20201019 161134.030: INFO: Updated DDC-UCS01 with OS: VMware ESXi 6.5.0
20201019 161134.295: INFO: Updated DDC-UCS01 with OS: VMware ESXi 6.5.0
20201019 161134.564: INFO: Updated DDC-UCS01 with OS: VMware ESXi 6.5.0
20201019 161134.851: INFO: Updated DDC-ESXVCAD01 with OS: VMware ESXi 6.5.0
20201019 161135.126: INFO: Updated DDC-ESXVCAD02 with OS: VMware ESXi 6.5.0
20201019 161135.387: INFO: Updated DDC-SAS-ESX01-RSM with OS: VMware ESXi 6.5.0
20201019 161135.650: INFO: Updated DDC-SAS-ESX02-RSM with OS: VMware ESXi 6.5.0
20201019 161135.921: INFO: Updated FMC-ESX01-RSM with OS: VMware ESXi 6.5.0
20201019 161136.195: INFO: Updated FMC-ESX02 with OS: VMware ESXi 6.5.0
20201019 161136.473: INFO: Updated FRE-ESX01-RSM with OS: VMware ESXi 6.5.0
20201019 161136.734: INFO: Updated FRE-ESX02-RSM with OS: VMware ESXi 6.5.0
20201019 161137.009: WARNING: ESXi host ftwesx01.powereng.com is not a Cisco or Lenovo host.
20201019 161137.274: WARNING: ESXi host ftwesx02.powereng.com is not a Cisco or Lenovo host.
20201019 161137.558: WARNING: ESXi host hlyesx01.powereng.com is not a Cisco or Lenovo host.
20201019 161137.819: WARNING: ESXi host hlyesx02.powereng.com is not a Cisco or Lenovo host.
20201019 161138.099: INFO: Updated HOU-ESX01-RSM with OS: VMware ESXi 6.5.0
20201019 161138.376: INFO: Updated ITO-ESX01-RSM with OS: VMware ESXi 6.5.0
20201019 161138.607: WARNING: ESXi host msn-esx02.powereng.com is not a Cisco or Lenovo host.
20201019 161138.883: INFO: Updated OPK-ESX01-RSM with OS: VMware ESXi 6.5.0
20201019 161139.154: INFO: Updated OPK-ESX02-RSM with OS: VMware ESXi 6.5.0
20201019 161139.426: INFO: Updated ORAPRDESX01 with OS: VMware ESXi 6.5.0
20201019 161139.726: INFO: Updated ORAPRDESX02 with OS: VMware ESXi 6.5.0
20201019 161139.994: INFO: Updated PHX-ESX01-RSM with OS: VMware ESXi 6.5.0
20201019 161140.264: INFO: Updated PLV-ESX01-RSM with OS: VMware ESXi 6.5.0
20201019 161140.529: INFO: Updated PTL-ESX01-RSM with OS: VMware ESXi 6.5.0
20201019 161140.790: INFO: Updated PTL-ESX02-RSM with OS: VMware ESXi 6.5.0
20201019 161141.057: INFO: Updated SLC-ESX01-RSM with OS: VMware ESXi 6.5.0
20201019 161141.387: INFO: Updated STL-ESX01-RSM with OS: VMware ESXi 6.5.0
20201019 161141.666: INFO: Updated STL-ESX02-RSM with OS: VMware ESXi 6.5.0
20201019 161141.935: WARNING: ESXi host syr-esx02.powereng.com is not a Cisco or Lenovo host.
20201019 161142.186: WARNING: ESXi host van-esx02.powereng.com is not a Cisco or Lenovo host.


20201019 161429.703: INFO: Connected to vCenter server: tdcprdvctr1.powereng.com
20201019 161432.317: INFO: Found Lenovo server: ADC-ESX01-RSM, 10.241.5.21, System x3650 M5,  using service tag: J127KMB
20201019 161432.319: INFO: Updated ADC-ESX01-RSM with OS: VMware ESXi 6.5.0
20201019 161432.589: INFO: Found Lenovo server: ADC-ESX02-RSM, 10.241.5.22, System x3650 M5,  using service tag: J127KMC
20201019 161432.590: INFO: Updated ADC-ESX02-RSM with OS: VMware ESXi 6.5.0
20201019 161432.879: INFO: Found Lenovo server: APL-ESX01-RSM, 10.72.5.21, System x3650 M5,  using service tag: J12DA2F
20201019 161432.880: INFO: Updated APL-ESX01-RSM with OS: VMware ESXi 6.5.0
20201019 161433.120: WARNING: ESXi host arb-esx02.powereng.com is not a Cisco or Lenovo host.
20201019 161433.397: INFO: Found Lenovo server: AST-ESX01-RSM, 10.65.5.21, System x3650 M5,  using service tag: J12183B
20201019 161433.399: INFO: Updated AST-ESX01-RSM with OS: VMware ESXi 6.5.0
20201019 161433.674: INFO: Found Lenovo server: AST-ESX02, 10.65.5.22, System x3650 M4,  using service tag: E2CH559
20201019 161433.676: INFO: Updated AST-ESX02 with OS: VMware ESXi 6.5.0
20201019 161433.947: WARNING: ESXi host atlesx01.powereng.com is not a Cisco or Lenovo host.
20201019 161434.228: WARNING: ESXi host atlesx02.powereng.com is not a Cisco or Lenovo host.
20201019 161434.494: INFO: Found Lenovo server: AUS-ESX01-RSM, 10.34.5.21, System x3650 M5,  using service tag: J1201P8
20201019 161434.496: INFO: Updated AUS-ESX01-RSM with OS: VMware ESXi 6.5.0
20201019 161434.787: WARNING: ESXi host bdcd-esx01.powereng.com is not a Cisco or Lenovo host.
20201019 161435.069: WARNING: ESXi host bdcd-esx02.powereng.com is not a Cisco or Lenovo host.
20201019 161435.345: WARNING: ESXi host bdcd-esx03.powereng.com is not a Cisco or Lenovo host.
20201019 161435.631: WARNING: ESXi host bdcd-esx04.powereng.com is not a Cisco or Lenovo host.
20201019 161435.905: WARNING: ESXi host bdcd-esx05.powereng.com is not a Cisco or Lenovo host.
20201019 161436.176: INFO: Found Lenovo server: BDCD-GISESX01-RSM, 10.247.5.80, System x3650 M5,  using service tag: J10DX17
20201019 161436.177: INFO: Updated BDCD-GISESX01-RSM with OS: VMware ESXi 6.5.0
20201019 161436.448: INFO: Found Lenovo server: BDCD-GISESX02-RSM, 10.247.5.81, System x3650 M5,  using service tag: J104894
20201019 161436.451: INFO: Updated BDCD-GISESX02-RSM with OS: VMware ESXi 6.5.0
20201019 161436.726: INFO: Found Lenovo server: BDC-ESX01-RSM, 10.247.5.21, System x3650 M5,  using service tag: E2WZ800
20201019 161436.729: INFO: Updated BDC-ESX01-RSM with OS: VMware ESXi 6.5.0
20201019 161436.993: INFO: Found Lenovo server: BDC-ESX02-RSM, 10.247.5.22, System x3650 M5,  using service tag: 06EVBPD
20201019 161436.995: INFO: Updated BDC-ESX02-RSM with OS: VMware ESXi 6.5.0
20201019 161437.265: INFO: Found Lenovo server: BDC-ESX03-RSM, 10.247.5.23, System x3650 M5,  using service tag: 06FKLLC
20201019 161437.268: INFO: Updated BDC-ESX03-RSM with OS: VMware ESXi 6.5.0
20201019 161437.533: INFO: Found Lenovo server: BDC-ESX04-RSM, 10.247.5.24, System x3650 M5,  using service tag: 06FKLKN
20201019 161437.535: INFO: Updated BDC-ESX04-RSM with OS: VMware ESXi 6.5.0
20201019 161437.811: INFO: Found Lenovo server: BDC-ESX05-RSM, 10.247.5.25, System x3650 M5,  using service tag: 06FKLKE
20201019 161437.813: INFO: Updated BDC-ESX05-RSM with OS: VMware ESXi 6.5.0
20201019 161438.084: INFO: Found Lenovo server: BDCZ-ESX01-RSM, 10.247.5.15, System x3650 M5,  using service tag: 06FKLKC
20201019 161438.085: INFO: Updated BDCZ-ESX01-RSM with OS: VMware ESXi 6.5.0
20201019 161438.355: INFO: Found Lenovo server: BDCZ-ESX02-RSM, 10.247.5.16, System x3650 M5,  using service tag: 06FKLLK
20201019 161438.356: INFO: Updated BDCZ-ESX02-RSM with OS: VMware ESXi 6.5.0
20201019 161438.651: INFO: Found Lenovo server: BIL-ESX01-RSM, 10.7.5.21, System x3650 M5,  using service tag: J12183C
20201019 161438.654: INFO: Updated BIL-ESX01-RSM with OS: VMware ESXi 6.5.0
20201019 161438.927: WARNING: ESXi host boiesx01.powereng.com is not a Cisco or Lenovo host.
20201019 161439.201: WARNING: ESXi host boiesx02.powereng.com is not a Cisco or Lenovo host.
20201019 161439.426: WARNING: ESXi host boi-esxai01.powereng.com is not a Cisco or Lenovo host.
20201019 161439.686: INFO: Found Lenovo server: BOI-ESXVCAD01-RSM, 10.2.5.27, System x3650 M5,  using service tag: J11KBFE
20201019 161439.688: INFO: Updated BOI-ESXVCAD01-RSM with OS: VMware ESXi 6.5.0
20201019 161439.957: INFO: Found Cisco server: BOI-ESXVCAD02, 10.2.1.28, UCSC-C240-M5SX, WZP23180RK2 using service tag: WZP23180RK2
20201019 161439.959: INFO: Updated BOI-ESXVCAD02 with OS: VMware ESXi 6.5.0
20201019 161440.246: INFO: Found Lenovo server: BOIZ-ESX01, 10.2.5.15, System x3650 M4,  using service tag: KQ3YDP6
20201019 161440.248: INFO: Updated BOIZ-ESX01 with OS: VMware ESXi 6.5.0
20201019 161440.503: INFO: Found Lenovo server: BOIZ-ESX02, 10.2.5.16, System x3650 M4,  using service tag: KQ3YDP7
20201019 161440.505: INFO: Updated BOIZ-ESX02 with OS: VMware ESXi 6.5.0
20201019 161440.781: INFO: Found Lenovo server: CDC-ESX01-RSM, 10.245.5.21, System x3650 M5,  using service tag: J1003TN
20201019 161440.784: INFO: Updated CDC-ESX01-RSM with OS: VMware ESXi 6.5.0
20201019 161441.048: INFO: Found Lenovo server: CDC-ESX02-RSM, 10.245.5.22, System x3650 M5,  using service tag: J1003TM
20201019 161441.050: INFO: Updated CDC-ESX02-RSM with OS: VMware ESXi 6.5.0
20201019 161441.337: INFO: Found Lenovo server: CDC-ESX03-RSM, 10.245.5.23, System x3650 M5,  using service tag: J1003TL
20201019 161441.338: INFO: Updated CDC-ESX03-RSM with OS: VMware ESXi 6.5.0
20201019 161441.606: INFO: Found Cisco server: CDC-ESX-C1-B1, 10.245.1.70, UCSB-B200-M5, FCH241576LZ using service tag: FCH241576LZ
20201019 161441.608: INFO: Updated CDC-ESX-C1-B1 with OS: VMware ESXi 6.5.0
20201019 161441.867: INFO: Found Cisco server: CDC-ESX-C1-B2, 10.245.1.71, UCSB-B200-M5, FCH24147DFL using service tag: FCH24147DFL
20201019 161441.868: INFO: Updated CDC-ESX-C1-B2 with OS: VMware ESXi 6.5.0
20201019 161442.152: INFO: Found Cisco server: CDC-ESX-C1-B3, 10.245.1.72, UCSB-B200-M5, FCH241576C2 using service tag: FCH241576C2
20201019 161442.155: INFO: Updated CDC-ESX-C1-B3 with OS: VMware ESXi 6.5.0
20201019 161442.417: INFO: Found Cisco server: CDC-ESXVCAD01, 10.245.1.92, UCSC-C240-M5SX, WZP23500UE5 using service tag: WZP23500UE5
20201019 161442.419: INFO: Updated CDC-ESXVCAD01 with OS: VMware ESXi 6.5.0
20201019 161442.705: INFO: Found Cisco server: CDC-ESXVCAD02, 10.245.1.93, UCSC-C240-M5SX, WZP23501VU0 using service tag: WZP23501VU0
20201019 161442.706: INFO: Updated CDC-ESXVCAD02 with OS: VMware ESXi 6.5.0
20201019 161442.970: INFO: Found Lenovo server: CDC-VDI01-RSM, 10.245.5.45, System x3650 M5,  using service tag: J107GFE
20201019 161442.971: INFO: Updated CDC-VDI01-RSM with OS: VMware ESXi 6.5.0
20201019 161443.242: INFO: Found Lenovo server: CDCZ-ESX01-RSM, 10.245.5.15, System x3650 M5,  using service tag: J100K99
20201019 161443.244: INFO: Updated CDCZ-ESX01-RSM with OS: VMware ESXi 6.5.0
20201019 161443.501: INFO: Found Lenovo server: CDCZ-ESX02-RSM, 10.245.5.16, System x3650 M5,  using service tag: J1003TP
20201019 161443.503: INFO: Updated CDCZ-ESX02-RSM with OS: VMware ESXi 6.5.0
20201019 161443.771: WARNING: ESXi host cinprdesx1.powereng.com is not a Cisco or Lenovo host.
20201019 161444.018: INFO: Found Lenovo server: CLK-ESX01-RSM, 10.23.5.21, System x3650 M5,  using service tag: J126BYZ
20201019 161444.020: INFO: Updated CLK-ESX01-RSM with OS: VMware ESXi 6.5.0
20201019 161444.278: INFO: Found Cisco server: DDC-UCS01, 10.247.99.15, UCSB-5108-AC2, FOX2124PD03 using service tag: FOX2124PD03
20201019 161444.280: INFO: Updated DDC-UCS01 with OS: VMware ESXi 6.5.0
20201019 161444.556: INFO: Found Cisco server: DDC-UCS01, 10.247.99.15, UCSB-5108-AC2, FOX2124PD03 using service tag: FOX2124PD03
20201019 161444.558: INFO: Updated DDC-UCS01 with OS: VMware ESXi 6.5.0
20201019 161444.811: INFO: Found Cisco server: DDC-UCS01, 10.247.99.15, UCSB-5108-AC2, FOX2124PD03 using service tag: FOX2124PD03
20201019 161444.812: INFO: Updated DDC-UCS01 with OS: VMware ESXi 6.5.0
20201019 161445.124: INFO: Found Cisco server: DDC-UCS01, 10.247.99.15, UCSB-5108-AC2, FOX2124PD03 using service tag: FOX2124PD03
20201019 161445.126: INFO: Updated DDC-UCS01 with OS: VMware ESXi 6.5.0
20201019 161445.391: INFO: Found Cisco server: DDC-UCS01, 10.247.99.15, UCSB-5108-AC2, FOX2124PD03 using service tag: FOX2124PD03
20201019 161445.393: INFO: Updated DDC-UCS01 with OS: VMware ESXi 6.5.0
20201019 161445.675: INFO: Found Cisco server: DDC-ESXVCAD01, 10.247.1.92, UCSC-C240-M5SX, WZP23180YBC using service tag: WZP23180YBC
20201019 161445.677: INFO: Updated DDC-ESXVCAD01 with OS: VMware ESXi 6.5.0
20201019 161445.948: INFO: Found Cisco server: DDC-ESXVCAD02, 10.247.1.93, UCSC-C240-M5SX, WMP240800LQ using service tag: WMP240800LQ
20201019 161445.950: INFO: Updated DDC-ESXVCAD02 with OS: VMware ESXi 6.5.0
20201019 161446.214: INFO: Found Lenovo server: DDC-SAS-ESX01-RSM, 10.247.5.90, System x3650 M5,  using service tag: J318MET
20201019 161446.217: INFO: Updated DDC-SAS-ESX01-RSM with OS: VMware ESXi 6.5.0
20201019 161446.467: INFO: Found Lenovo server: DDC-SAS-ESX02-RSM, 10.247.5.91, System x3650 M5,  using service tag: J318MF7
20201019 161446.475: INFO: Updated DDC-SAS-ESX02-RSM with OS: VMware ESXi 6.5.0
20201019 161446.723: INFO: Found Lenovo server: FMC-ESX01-RSM, 10.22.5.21, System x3650 M5,  using service tag: J11RBHD
20201019 161446.724: INFO: Updated FMC-ESX01-RSM with OS: VMware ESXi 6.5.0
20201019 161446.987: INFO: Found Lenovo server: FMC-ESX02, 10.22.5.22, System x3650 M4,  using service tag: E2AC423
20201019 161446.989: INFO: Updated FMC-ESX02 with OS: VMware ESXi 6.5.0
20201019 161447.256: INFO: Found Lenovo server: FRE-ESX01-RSM, 10.19.5.21, System x3650 M5,  using service tag: J11NB3L
20201019 161447.258: INFO: Updated FRE-ESX01-RSM with OS: VMware ESXi 6.5.0
20201019 161447.543: INFO: Found Lenovo server: FRE-ESX02-RSM, 10.19.5.22, System x3650 M5,  using service tag: J11N485
20201019 161447.544: INFO: Updated FRE-ESX02-RSM with OS: VMware ESXi 6.5.0
20201019 161447.801: WARNING: ESXi host ftwesx01.powereng.com is not a Cisco or Lenovo host.
20201019 161448.076: WARNING: ESXi host ftwesx02.powereng.com is not a Cisco or Lenovo host.
20201019 161448.334: WARNING: ESXi host hlyesx01.powereng.com is not a Cisco or Lenovo host.
20201019 161448.626: WARNING: ESXi host hlyesx02.powereng.com is not a Cisco or Lenovo host.
20201019 161448.880: INFO: Found Lenovo server: HOU-ESX01-RSM, 10.17.5.21, System x3650 M5,  using service tag: J10TP5F
20201019 161448.882: INFO: Updated HOU-ESX01-RSM with OS: VMware ESXi 6.5.0
20201019 161449.152: INFO: Found Lenovo server: ITO-ESX01-RSM, 10.45.5.21, ThinkSystem SR550,  using service tag: J100LH33
20201019 161449.155: INFO: Updated ITO-ESX01-RSM with OS: VMware ESXi 6.5.0
20201019 161449.368: WARNING: ESXi host msn-esx02.powereng.com is not a Cisco or Lenovo host.
20201019 161449.639: INFO: Found Lenovo server: OPK-ESX01-RSM, 10.64.5.21, System x3650 M5,  using service tag: J11APZC
20201019 161449.642: INFO: Updated OPK-ESX01-RSM with OS: VMware ESXi 6.5.0
20201019 161449.896: INFO: Found Lenovo server: OPK-ESX02-RSM, 10.64.5.22, System x3650 M5,  using service tag: J11RBHC
20201019 161449.898: INFO: Updated OPK-ESX02-RSM with OS: VMware ESXi 6.5.0
20201019 161450.159: INFO: Found Lenovo server: ORAPRDESX01, 10.55.5.21, System x3650 M4,  using service tag: KQ0NWD9
20201019 161450.161: INFO: Updated ORAPRDESX01 with OS: VMware ESXi 6.5.0
20201019 161450.443: INFO: Found Lenovo server: ORAPRDESX02, 10.55.5.22, System x3650 M4,  using service tag: KQ3YDR2
20201019 161450.445: INFO: Updated ORAPRDESX02 with OS: VMware ESXi 6.5.0
20201019 161450.696: INFO: Found Lenovo server: PHX-ESX01-RSM, 10.31.5.21, System x3650 M5,  using service tag: J11RV2D
20201019 161450.698: INFO: Updated PHX-ESX01-RSM with OS: VMware ESXi 6.5.0
20201019 161450.962: INFO: Found Lenovo server: PLV-ESX01-RSM, 10.18.5.21, System x3650 M5,  using service tag: J128218
20201019 161450.964: INFO: Updated PLV-ESX01-RSM with OS: VMware ESXi 6.5.0
20201019 161451.243: INFO: Found Lenovo server: PTL-ESX01-RSM, 10.6.5.21, System x3650 M5,  using service tag: J11V383
20201019 161451.245: INFO: Updated PTL-ESX01-RSM with OS: VMware ESXi 6.5.0
20201019 161451.498: INFO: Found Lenovo server: PTL-ESX02-RSM, 10.6.5.22, System x3650 M5,  using service tag: J11V384
20201019 161451.500: INFO: Updated PTL-ESX02-RSM with OS: VMware ESXi 6.5.0
20201019 161451.979: INFO: Found Lenovo server: SLC-ESX01-RSM, 10.73.5.21, ThinkSystem SR550,  using service tag: J100GCA4
20201019 161451.980: INFO: Updated SLC-ESX01-RSM with OS: VMware ESXi 6.5.0
20201019 161452.316: INFO: Found Lenovo server: STL-ESX01-RSM, 10.4.5.21, System x3650 M5,  using service tag: J105R92
20201019 161452.317: INFO: Updated STL-ESX01-RSM with OS: VMware ESXi 6.5.0
20201019 161452.580: INFO: Found Lenovo server: STL-ESX02-RSM, 10.4.5.22, System x3650 M5,  using service tag: J105R91
20201019 161452.583: INFO: Updated STL-ESX02-RSM with OS: VMware ESXi 6.5.0
20201019 161452.820: WARNING: ESXi host syr-esx02.powereng.com is not a Cisco or Lenovo host.
20201019 161453.059: WARNING: ESXi host van-esx02.powereng.com is not a Cisco or Lenovo host.
20201019 161551.786: INFO: Connected to vCenter server: tdcprdvctr1.powereng.com
20201019 161554.078: INFO: 
Checking adc-esx01.powereng.com...
20201019 161554.371: INFO: Found Lenovo server: ADC-ESX01-RSM, 10.241.5.21, System x3650 M5,  using service tag: J127KMB
20201019 161554.373: INFO: Updated ADC-ESX01-RSM with OS: VMware ESXi 6.5.0
20201019 161554.375: INFO: 
Checking adc-esx02.powereng.com...
20201019 161554.663: INFO: Found Lenovo server: ADC-ESX02-RSM, 10.241.5.22, System x3650 M5,  using service tag: J127KMC
20201019 161554.665: INFO: Updated ADC-ESX02-RSM with OS: VMware ESXi 6.5.0
20201019 161554.667: INFO: 
Checking apl-esx01.powereng.com...
20201019 161554.923: INFO: Found Lenovo server: APL-ESX01-RSM, 10.72.5.21, System x3650 M5,  using service tag: J12DA2F
20201019 161554.925: INFO: Updated APL-ESX01-RSM with OS: VMware ESXi 6.5.0
20201019 161554.927: INFO: 
Checking arb-esx02.powereng.com...
20201019 161555.155: WARNING: ESXi host arb-esx02.powereng.com is not a Cisco or Lenovo host.
20201019 161555.157: INFO: 
Checking ast-esx01.powereng.com...
20201019 161555.420: INFO: Found Lenovo server: AST-ESX01-RSM, 10.65.5.21, System x3650 M5,  using service tag: J12183B
20201019 161555.422: INFO: Updated AST-ESX01-RSM with OS: VMware ESXi 6.5.0
20201019 161555.423: INFO: 
Checking ast-esx02.powereng.com...
20201019 161555.687: INFO: Found Lenovo server: AST-ESX02, 10.65.5.22, System x3650 M4,  using service tag: E2CH559
20201019 161555.689: INFO: Updated AST-ESX02 with OS: VMware ESXi 6.5.0
20201019 161555.690: INFO: 
Checking atlesx01.powereng.com...
20201019 161555.956: WARNING: ESXi host atlesx01.powereng.com is not a Cisco or Lenovo host.
20201019 161555.958: INFO: 
Checking atlesx02.powereng.com...
20201019 161556.243: WARNING: ESXi host atlesx02.powereng.com is not a Cisco or Lenovo host.
20201019 161556.245: INFO: 
Checking aus-esx01.powereng.com...
20201019 161556.498: INFO: Found Lenovo server: AUS-ESX01-RSM, 10.34.5.21, System x3650 M5,  using service tag: J1201P8
20201019 161556.500: INFO: Updated AUS-ESX01-RSM with OS: VMware ESXi 6.5.0
20201019 161556.502: INFO: 
Checking bdcd-esx01.powereng.com...
20201019 161556.772: WARNING: ESXi host bdcd-esx01.powereng.com is not a Cisco or Lenovo host.
20201019 161556.774: INFO: 
Checking bdcd-esx02.powereng.com...
20201019 161557.040: WARNING: ESXi host bdcd-esx02.powereng.com is not a Cisco or Lenovo host.
20201019 161557.042: INFO: 
Checking bdcd-esx03.powereng.com...
20201019 161557.324: WARNING: ESXi host bdcd-esx03.powereng.com is not a Cisco or Lenovo host.
20201019 161557.325: INFO: 
Checking bdcd-esx04.powereng.com...
20201019 161557.590: WARNING: ESXi host bdcd-esx04.powereng.com is not a Cisco or Lenovo host.
20201019 161557.592: INFO: 
Checking bdcd-esx05.powereng.com...
20201019 161557.864: WARNING: ESXi host bdcd-esx05.powereng.com is not a Cisco or Lenovo host.
20201019 161557.866: INFO: 
Checking bdcd-gisesx01.powereng.com...
20201019 161558.137: INFO: Found Lenovo server: BDCD-GISESX01-RSM, 10.247.5.80, System x3650 M5,  using service tag: J10DX17
20201019 161558.139: INFO: Updated BDCD-GISESX01-RSM with OS: VMware ESXi 6.5.0
20201019 161558.140: INFO: 
Checking bdcd-gisesx02.powereng.com...
20201019 161558.403: INFO: Found Lenovo server: BDCD-GISESX02-RSM, 10.247.5.81, System x3650 M5,  using service tag: J104894
20201019 161558.405: INFO: Updated BDCD-GISESX02-RSM with OS: VMware ESXi 6.5.0
20201019 161558.406: INFO: 
Checking bdc-esx01.powereng.com...
20201019 161558.659: INFO: Found Lenovo server: BDC-ESX01-RSM, 10.247.5.21, System x3650 M5,  using service tag: E2WZ800
20201019 161558.662: INFO: Updated BDC-ESX01-RSM with OS: VMware ESXi 6.5.0
20201019 161558.663: INFO: 
Checking bdc-esx02.powereng.com...
20201019 161558.924: INFO: Found Lenovo server: BDC-ESX02-RSM, 10.247.5.22, System x3650 M5,  using service tag: 06EVBPD
20201019 161558.926: INFO: Updated BDC-ESX02-RSM with OS: VMware ESXi 6.5.0
20201019 161558.927: INFO: 
Checking bdc-esx03.powereng.com...
20201019 161559.192: INFO: Found Lenovo server: BDC-ESX03-RSM, 10.247.5.23, System x3650 M5,  using service tag: 06FKLLC
20201019 161559.196: INFO: Updated BDC-ESX03-RSM with OS: VMware ESXi 6.5.0
20201019 161559.197: INFO: 
Checking bdc-esx04.powereng.com...
20201019 161559.452: INFO: Found Lenovo server: BDC-ESX04-RSM, 10.247.5.24, System x3650 M5,  using service tag: 06FKLKN
20201019 161559.454: INFO: Updated BDC-ESX04-RSM with OS: VMware ESXi 6.5.0
20201019 161559.455: INFO: 
Checking bdc-esx05.powereng.com...
20201019 161559.710: INFO: Found Lenovo server: BDC-ESX05-RSM, 10.247.5.25, System x3650 M5,  using service tag: 06FKLKE
20201019 161559.712: INFO: Updated BDC-ESX05-RSM with OS: VMware ESXi 6.5.0
20201019 161559.713: INFO: 
Checking bdcz-esx01.powereng.com...
20201019 161559.975: INFO: Found Lenovo server: BDCZ-ESX01-RSM, 10.247.5.15, System x3650 M5,  using service tag: 06FKLKC
20201019 161559.977: INFO: Updated BDCZ-ESX01-RSM with OS: VMware ESXi 6.5.0
20201019 161559.978: INFO: 
Checking bdcz-esx02.powereng.com...
20201019 161600.241: INFO: Found Lenovo server: BDCZ-ESX02-RSM, 10.247.5.16, System x3650 M5,  using service tag: 06FKLLK
20201019 161600.243: INFO: Updated BDCZ-ESX02-RSM with OS: VMware ESXi 6.5.0
20201019 161600.244: INFO: 
Checking bil-esx01.powereng.com...
20201019 161600.496: INFO: Found Lenovo server: BIL-ESX01-RSM, 10.7.5.21, System x3650 M5,  using service tag: J12183C
20201019 161600.499: INFO: Updated BIL-ESX01-RSM with OS: VMware ESXi 6.5.0
20201019 161600.500: INFO: 
Checking boiesx01.powereng.com...
20201019 161600.769: WARNING: ESXi host boiesx01.powereng.com is not a Cisco or Lenovo host.
20201019 161600.771: INFO: 
Checking boiesx02.powereng.com...
20201019 161601.021: WARNING: ESXi host boiesx02.powereng.com is not a Cisco or Lenovo host.
20201019 161601.023: INFO: 
Checking boi-esxai01.powereng.com...
20201019 161601.254: WARNING: ESXi host boi-esxai01.powereng.com is not a Cisco or Lenovo host.
20201019 161601.256: INFO: 
Checking boi-esxvcad01.powereng.com...
20201019 161601.557: INFO: Found Lenovo server: BOI-ESXVCAD01-RSM, 10.2.5.27, System x3650 M5,  using service tag: J11KBFE
20201019 161601.559: INFO: Updated BOI-ESXVCAD01-RSM with OS: VMware ESXi 6.5.0
20201019 161601.562: INFO: 
Checking boi-esxvcad02.powereng.com...
20201019 161601.821: INFO: Found Cisco server: BOI-ESXVCAD02, 10.2.1.28, UCSC-C240-M5SX, WZP23180RK2 using service tag: WZP23180RK2
20201019 161601.823: INFO: Updated BOI-ESXVCAD02 with OS: VMware ESXi 6.5.0
20201019 161601.824: INFO: 
Checking boiz-esx01.powereng.com...
20201019 161602.082: INFO: Found Lenovo server: BOIZ-ESX01, 10.2.5.15, System x3650 M4,  using service tag: KQ3YDP6
20201019 161602.084: INFO: Updated BOIZ-ESX01 with OS: VMware ESXi 6.5.0
20201019 161602.085: INFO: 
Checking boiz-esx02.powereng.com...
20201019 161602.335: INFO: Found Lenovo server: BOIZ-ESX02, 10.2.5.16, System x3650 M4,  using service tag: KQ3YDP7
20201019 161602.339: INFO: Updated BOIZ-ESX02 with OS: VMware ESXi 6.5.0
20201019 161602.340: INFO: 
Checking cdc-esx01.powereng.com...
20201019 161602.635: INFO: Found Lenovo server: CDC-ESX01-RSM, 10.245.5.21, System x3650 M5,  using service tag: J1003TN
20201019 161602.637: INFO: Updated CDC-ESX01-RSM with OS: VMware ESXi 6.5.0
20201019 161602.639: INFO: 
Checking cdc-esx02.powereng.com...
20201019 161602.896: INFO: Found Lenovo server: CDC-ESX02-RSM, 10.245.5.22, System x3650 M5,  using service tag: J1003TM
20201019 161602.897: INFO: Updated CDC-ESX02-RSM with OS: VMware ESXi 6.5.0
20201019 161602.899: INFO: 
Checking cdc-esx03.powereng.com...
20201019 161603.164: INFO: Found Lenovo server: CDC-ESX03-RSM, 10.245.5.23, System x3650 M5,  using service tag: J1003TL
20201019 161603.166: INFO: Updated CDC-ESX03-RSM with OS: VMware ESXi 6.5.0
20201019 161603.167: INFO: 
Checking cdc-esx-c1-b1.powereng.com...
20201019 161603.416: INFO: Found Cisco server: CDC-ESX-C1-B1, 10.245.1.70, UCSB-B200-M5, FCH241576LZ using service tag: FCH241576LZ
20201019 161603.418: INFO: Updated CDC-ESX-C1-B1 with OS: VMware ESXi 6.5.0
20201019 161603.420: INFO: 
Checking cdc-esx-c1-b2.powereng.com...
20201019 161603.668: INFO: Found Cisco server: CDC-ESX-C1-B2, 10.245.1.71, UCSB-B200-M5, FCH24147DFL using service tag: FCH24147DFL
20201019 161603.670: INFO: Updated CDC-ESX-C1-B2 with OS: VMware ESXi 6.5.0
20201019 161603.672: INFO: 
Checking cdc-esx-c1-b3.powereng.com...
20201019 161603.918: INFO: Found Cisco server: CDC-ESX-C1-B3, 10.245.1.72, UCSB-B200-M5, FCH241576C2 using service tag: FCH241576C2
20201019 161603.920: INFO: Updated CDC-ESX-C1-B3 with OS: VMware ESXi 6.5.0
20201019 161603.923: INFO: 
Checking cdc-esxvcad01.powereng.com...
20201019 161604.185: INFO: Found Cisco server: CDC-ESXVCAD01, 10.245.1.92, UCSC-C240-M5SX, WZP23500UE5 using service tag: WZP23500UE5
20201019 161604.187: INFO: Updated CDC-ESXVCAD01 with OS: VMware ESXi 6.5.0
20201019 161604.188: INFO: 
Checking cdc-esxvcad02.powereng.com...
20201019 161604.437: INFO: Found Cisco server: CDC-ESXVCAD02, 10.245.1.93, UCSC-C240-M5SX, WZP23501VU0 using service tag: WZP23501VU0
20201019 161604.438: INFO: Updated CDC-ESXVCAD02 with OS: VMware ESXi 6.5.0
20201019 161604.440: INFO: 
Checking cdc-vdi01.powereng.com...
20201019 161604.701: INFO: Found Lenovo server: CDC-VDI01-RSM, 10.245.5.45, System x3650 M5,  using service tag: J107GFE
20201019 161604.703: INFO: Updated CDC-VDI01-RSM with OS: VMware ESXi 6.5.0
20201019 161604.704: INFO: 
Checking cdcz-esx01.powereng.com...
20201019 161604.953: INFO: Found Lenovo server: CDCZ-ESX01-RSM, 10.245.5.15, System x3650 M5,  using service tag: J100K99
20201019 161604.954: INFO: Updated CDCZ-ESX01-RSM with OS: VMware ESXi 6.5.0
20201019 161604.956: INFO: 
Checking cdcz-esx02.powereng.com...
20201019 161605.300: INFO: Found Lenovo server: CDCZ-ESX02-RSM, 10.245.5.16, System x3650 M5,  using service tag: J1003TP
20201019 161605.302: INFO: Updated CDCZ-ESX02-RSM with OS: VMware ESXi 6.5.0
20201019 161605.303: INFO: 
Checking cinprdesx1.powereng.com...
20201019 161605.567: WARNING: ESXi host cinprdesx1.powereng.com is not a Cisco or Lenovo host.
20201019 161605.569: INFO: 
Checking clk-esx01.powereng.com...
20201019 161605.840: INFO: Found Lenovo server: CLK-ESX01-RSM, 10.23.5.21, System x3650 M5,  using service tag: J126BYZ
20201019 161605.842: INFO: Updated CLK-ESX01-RSM with OS: VMware ESXi 6.5.0
20201019 161605.844: INFO: 
Checking ddc-esx-c1-b1.powereng.com...
20201019 161606.107: INFO: Found Cisco server: DDC-UCS01, 10.247.99.15, UCSB-5108-AC2, FOX2124PD03 using service tag: FOX2124PD03
20201019 161606.109: INFO: Updated DDC-UCS01 with OS: VMware ESXi 6.5.0
20201019 161606.112: INFO: 
Checking ddc-esx-c1-b2.powereng.com...
20201019 161606.382: INFO: Found Cisco server: DDC-UCS01, 10.247.99.15, UCSB-5108-AC2, FOX2124PD03 using service tag: FOX2124PD03
20201019 161606.385: INFO: Updated DDC-UCS01 with OS: VMware ESXi 6.5.0
20201019 161606.387: INFO: 
Checking ddc-esx-c1-b3.powereng.com...
20201019 161606.659: INFO: Found Cisco server: DDC-UCS01, 10.247.99.15, UCSB-5108-AC2, FOX2124PD03 using service tag: FOX2124PD03
20201019 161606.660: INFO: Updated DDC-UCS01 with OS: VMware ESXi 6.5.0
20201019 161606.662: INFO: 
Checking ddc-esx-c1-b4.powereng.com...
20201019 161606.935: INFO: Found Cisco server: DDC-UCS01, 10.247.99.15, UCSB-5108-AC2, FOX2124PD03 using service tag: FOX2124PD03
20201019 161606.937: INFO: Updated DDC-UCS01 with OS: VMware ESXi 6.5.0
20201019 161606.938: INFO: 
Checking ddc-esx-c1-b5.powereng.com...
20201019 161607.214: INFO: Found Cisco server: DDC-UCS01, 10.247.99.15, UCSB-5108-AC2, FOX2124PD03 using service tag: FOX2124PD03
20201019 161607.217: INFO: Updated DDC-UCS01 with OS: VMware ESXi 6.5.0
20201019 161607.218: INFO: 
Checking ddc-esxvcad01.powereng.com...
20201019 161607.492: INFO: Found Cisco server: DDC-ESXVCAD01, 10.247.1.92, UCSC-C240-M5SX, WZP23180YBC using service tag: WZP23180YBC
20201019 161607.494: INFO: Updated DDC-ESXVCAD01 with OS: VMware ESXi 6.5.0
20201019 161607.495: INFO: 
Checking ddc-esxvcad02.powereng.com...
20201019 161607.787: INFO: Found Cisco server: DDC-ESXVCAD02, 10.247.1.93, UCSC-C240-M5SX, WMP240800LQ using service tag: WMP240800LQ
20201019 161607.788: INFO: Updated DDC-ESXVCAD02 with OS: VMware ESXi 6.5.0
20201019 161607.789: INFO: 
Checking ddc-sas-esx01.powereng.com...
20201019 161608.050: INFO: Found Lenovo server: DDC-SAS-ESX01-RSM, 10.247.5.90, System x3650 M5,  using service tag: J318MET
20201019 161608.052: INFO: Updated DDC-SAS-ESX01-RSM with OS: VMware ESXi 6.5.0
20201019 161608.053: INFO: 
Checking ddc-sas-esx02.powereng.com...
20201019 161608.318: INFO: Found Lenovo server: DDC-SAS-ESX02-RSM, 10.247.5.91, System x3650 M5,  using service tag: J318MF7
20201019 161608.321: INFO: Updated DDC-SAS-ESX02-RSM with OS: VMware ESXi 6.5.0
20201019 161608.328: INFO: 
Checking fmc-esx01.powereng.com...
20201019 161608.587: INFO: Found Lenovo server: FMC-ESX01-RSM, 10.22.5.21, System x3650 M5,  using service tag: J11RBHD
20201019 161608.589: INFO: Updated FMC-ESX01-RSM with OS: VMware ESXi 6.5.0
20201019 161608.591: INFO: 
Checking fmc-esx02.powereng.com...
20201019 161608.869: INFO: Found Lenovo server: FMC-ESX02, 10.22.5.22, System x3650 M4,  using service tag: E2AC423
20201019 161608.871: INFO: Updated FMC-ESX02 with OS: VMware ESXi 6.5.0
20201019 161608.872: INFO: 
Checking fre-esx01.powereng.com...
20201019 161609.153: INFO: Found Lenovo server: FRE-ESX01-RSM, 10.19.5.21, System x3650 M5,  using service tag: J11NB3L
20201019 161609.155: INFO: Updated FRE-ESX01-RSM with OS: VMware ESXi 6.5.0
20201019 161609.156: INFO: 
Checking fre-esx02.powereng.com...
20201019 161609.414: INFO: Found Lenovo server: FRE-ESX02-RSM, 10.19.5.22, System x3650 M5,  using service tag: J11N485
20201019 161609.416: INFO: Updated FRE-ESX02-RSM with OS: VMware ESXi 6.5.0
20201019 161609.417: INFO: 
Checking ftwesx01.powereng.com...
20201019 161609.739: WARNING: ESXi host ftwesx01.powereng.com is not a Cisco or Lenovo host.
20201019 161609.740: INFO: 
Checking ftwesx02.powereng.com...
20201019 161610.013: WARNING: ESXi host ftwesx02.powereng.com is not a Cisco or Lenovo host.
20201019 161610.015: INFO: 
Checking hlyesx01.powereng.com...
20201019 161610.279: WARNING: ESXi host hlyesx01.powereng.com is not a Cisco or Lenovo host.
20201019 161610.281: INFO: 
Checking hlyesx02.powereng.com...
20201019 161610.557: WARNING: ESXi host hlyesx02.powereng.com is not a Cisco or Lenovo host.
20201019 161610.560: INFO: 
Checking hou-esx01.powereng.com...
20201019 161610.821: INFO: Found Lenovo server: HOU-ESX01-RSM, 10.17.5.21, System x3650 M5,  using service tag: J10TP5F
20201019 161610.823: INFO: Updated HOU-ESX01-RSM with OS: VMware ESXi 6.5.0
20201019 161610.826: INFO: 
Checking ito-esx01.powereng.com...
20201019 161611.089: INFO: Found Lenovo server: ITO-ESX01-RSM, 10.45.5.21, ThinkSystem SR550,  using service tag: J100LH33
20201019 161611.091: INFO: Updated ITO-ESX01-RSM with OS: VMware ESXi 6.5.0
20201019 161611.093: INFO: 
Checking msn-esx02.powereng.com...
20201019 161611.314: WARNING: ESXi host msn-esx02.powereng.com is not a Cisco or Lenovo host.
20201019 161611.316: INFO: 
Checking opk-esx01.powereng.com...
20201019 161611.574: INFO: Found Lenovo server: OPK-ESX01-RSM, 10.64.5.21, System x3650 M5,  using service tag: J11APZC
20201019 161611.577: INFO: Updated OPK-ESX01-RSM with OS: VMware ESXi 6.5.0
20201019 161611.578: INFO: 
Checking opk-esx02.powereng.com...
20201019 161611.839: INFO: Found Lenovo server: OPK-ESX02-RSM, 10.64.5.22, System x3650 M5,  using service tag: J11RBHC
20201019 161611.841: INFO: Updated OPK-ESX02-RSM with OS: VMware ESXi 6.5.0
20201019 161611.843: INFO: 
Checking oraprdesx01.powereng.com...
20201019 161612.355: INFO: Found Lenovo server: ORAPRDESX01, 10.55.5.21, System x3650 M4,  using service tag: KQ0NWD9
20201019 161612.357: INFO: Updated ORAPRDESX01 with OS: VMware ESXi 6.5.0
20201019 161612.359: INFO: 
Checking oraprdesx02.powereng.com...
20201019 161612.660: INFO: Found Lenovo server: ORAPRDESX02, 10.55.5.22, System x3650 M4,  using service tag: KQ3YDR2
20201019 161612.661: INFO: Updated ORAPRDESX02 with OS: VMware ESXi 6.5.0
20201019 161612.662: INFO: 
Checking phx-esx01.powereng.com...
20201019 161612.935: INFO: Found Lenovo server: PHX-ESX01-RSM, 10.31.5.21, System x3650 M5,  using service tag: J11RV2D
20201019 161612.937: INFO: Updated PHX-ESX01-RSM with OS: VMware ESXi 6.5.0
20201019 161612.938: INFO: 
Checking plv-esx01.powereng.com...
20201019 161613.191: INFO: Found Lenovo server: PLV-ESX01-RSM, 10.18.5.21, System x3650 M5,  using service tag: J128218
20201019 161613.193: INFO: Updated PLV-ESX01-RSM with OS: VMware ESXi 6.5.0
20201019 161613.195: INFO: 
Checking ptl-esx01.powereng.com...
20201019 161613.447: INFO: Found Lenovo server: PTL-ESX01-RSM, 10.6.5.21, System x3650 M5,  using service tag: J11V383
20201019 161613.450: INFO: Updated PTL-ESX01-RSM with OS: VMware ESXi 6.5.0
20201019 161613.451: INFO: 
Checking ptl-esx02.powereng.com...
20201019 161613.733: INFO: Found Lenovo server: PTL-ESX02-RSM, 10.6.5.22, System x3650 M5,  using service tag: J11V384
20201019 161613.735: INFO: Updated PTL-ESX02-RSM with OS: VMware ESXi 6.5.0
20201019 161613.736: INFO: 
Checking slc-esx01.powereng.com...
20201019 161614.004: INFO: Found Lenovo server: SLC-ESX01-RSM, 10.73.5.21, ThinkSystem SR550,  using service tag: J100GCA4
20201019 161614.006: INFO: Updated SLC-ESX01-RSM with OS: VMware ESXi 6.5.0
20201019 161614.007: INFO: 
Checking stl-esx01.powereng.com...
20201019 161614.263: INFO: Found Lenovo server: STL-ESX01-RSM, 10.4.5.21, System x3650 M5,  using service tag: J105R92
20201019 161614.265: INFO: Updated STL-ESX01-RSM with OS: VMware ESXi 6.5.0
20201019 161614.266: INFO: 
Checking stl-esx02.powereng.com...
20201019 161614.521: INFO: Found Lenovo server: STL-ESX02-RSM, 10.4.5.22, System x3650 M5,  using service tag: J105R91
20201019 161614.523: INFO: Updated STL-ESX02-RSM with OS: VMware ESXi 6.5.0
20201019 161614.524: INFO: 
Checking syr-esx02.powereng.com...
20201019 161614.738: WARNING: ESXi host syr-esx02.powereng.com is not a Cisco or Lenovo host.
20201019 161614.739: INFO: 
Checking van-esx02.powereng.com...
20201019 161614.962: WARNING: ESXi host van-esx02.powereng.com is not a Cisco or Lenovo host.
